Archive member included to satisfy reference by file (symbol)

/usr/lib/gcc/arm-none-eabi/14.1.0/../../../../arm-none-eabi/lib/thumb/v7e-m/nofp/libc.a(libc_a-atexit.o)
                              /usr/lib/gcc/arm-none-eabi/14.1.0/../../../../arm-none-eabi/lib/thumb/v7e-m/nofp/rdimon-crt0.o (atexit)
/usr/lib/gcc/arm-none-eabi/14.1.0/../../../../arm-none-eabi/lib/thumb/v7e-m/nofp/libc.a(libc_a-exit.o)
                              /usr/lib/gcc/arm-none-eabi/14.1.0/../../../../arm-none-eabi/lib/thumb/v7e-m/nofp/rdimon-crt0.o (exit)
/usr/lib/gcc/arm-none-eabi/14.1.0/../../../../arm-none-eabi/lib/thumb/v7e-m/nofp/libc.a(libc_a-findfp.o)
                              /usr/lib/gcc/arm-none-eabi/14.1.0/../../../../arm-none-eabi/lib/thumb/v7e-m/nofp/libc.a(libc_a-exit.o) (__stdio_exit_handler)
/usr/lib/gcc/arm-none-eabi/14.1.0/../../../../arm-none-eabi/lib/thumb/v7e-m/nofp/libc.a(libc_a-fwalk.o)
                              /usr/lib/gcc/arm-none-eabi/14.1.0/../../../../arm-none-eabi/lib/thumb/v7e-m/nofp/libc.a(libc_a-findfp.o) (_fwalk_sglue)
/usr/lib/gcc/arm-none-eabi/14.1.0/../../../../arm-none-eabi/lib/thumb/v7e-m/nofp/libc.a(libc_a-puts.o)
                              main.o (puts)
/usr/lib/gcc/arm-none-eabi/14.1.0/../../../../arm-none-eabi/lib/thumb/v7e-m/nofp/libc.a(libc_a-stdio.o)
                              /usr/lib/gcc/arm-none-eabi/14.1.0/../../../../arm-none-eabi/lib/thumb/v7e-m/nofp/libc.a(libc_a-findfp.o) (__sread)
/usr/lib/gcc/arm-none-eabi/14.1.0/../../../../arm-none-eabi/lib/thumb/v7e-m/nofp/libc.a(libc_a-memset.o)
                              /usr/lib/gcc/arm-none-eabi/14.1.0/../../../../arm-none-eabi/lib/thumb/v7e-m/nofp/rdimon-crt0.o (memset)
/usr/lib/gcc/arm-none-eabi/14.1.0/../../../../arm-none-eabi/lib/thumb/v7e-m/nofp/libc.a(libc_a-closer.o)
                              /usr/lib/gcc/arm-none-eabi/14.1.0/../../../../arm-none-eabi/lib/thumb/v7e-m/nofp/libc.a(libc_a-stdio.o) (_close_r)
/usr/lib/gcc/arm-none-eabi/14.1.0/../../../../arm-none-eabi/lib/thumb/v7e-m/nofp/libc.a(libc_a-reent.o)
                              /usr/lib/gcc/arm-none-eabi/14.1.0/../../../../arm-none-eabi/lib/thumb/v7e-m/nofp/libc.a(libc_a-closer.o) (errno)
/usr/lib/gcc/arm-none-eabi/14.1.0/../../../../arm-none-eabi/lib/thumb/v7e-m/nofp/libc.a(libc_a-impure.o)
                              /usr/lib/gcc/arm-none-eabi/14.1.0/../../../../arm-none-eabi/lib/thumb/v7e-m/nofp/libc.a(libc_a-puts.o) (_impure_ptr)
/usr/lib/gcc/arm-none-eabi/14.1.0/../../../../arm-none-eabi/lib/thumb/v7e-m/nofp/libc.a(libc_a-lseekr.o)
                              /usr/lib/gcc/arm-none-eabi/14.1.0/../../../../arm-none-eabi/lib/thumb/v7e-m/nofp/libc.a(libc_a-stdio.o) (_lseek_r)
/usr/lib/gcc/arm-none-eabi/14.1.0/../../../../arm-none-eabi/lib/thumb/v7e-m/nofp/libc.a(libc_a-readr.o)
                              /usr/lib/gcc/arm-none-eabi/14.1.0/../../../../arm-none-eabi/lib/thumb/v7e-m/nofp/libc.a(libc_a-stdio.o) (_read_r)
/usr/lib/gcc/arm-none-eabi/14.1.0/../../../../arm-none-eabi/lib/thumb/v7e-m/nofp/libc.a(libc_a-writer.o)
                              /usr/lib/gcc/arm-none-eabi/14.1.0/../../../../arm-none-eabi/lib/thumb/v7e-m/nofp/libc.a(libc_a-stdio.o) (_write_r)
/usr/lib/gcc/arm-none-eabi/14.1.0/../../../../arm-none-eabi/lib/thumb/v7e-m/nofp/libc.a(libc_a-init.o)
                              /usr/lib/gcc/arm-none-eabi/14.1.0/../../../../arm-none-eabi/lib/thumb/v7e-m/nofp/rdimon-crt0.o (__libc_init_array)
/usr/lib/gcc/arm-none-eabi/14.1.0/../../../../arm-none-eabi/lib/thumb/v7e-m/nofp/libc.a(libc_a-fini.o)
                              /usr/lib/gcc/arm-none-eabi/14.1.0/../../../../arm-none-eabi/lib/thumb/v7e-m/nofp/rdimon-crt0.o (__libc_fini_array)
/usr/lib/gcc/arm-none-eabi/14.1.0/../../../../arm-none-eabi/lib/thumb/v7e-m/nofp/libc.a(libc_a-lock.o)
                              /usr/lib/gcc/arm-none-eabi/14.1.0/../../../../arm-none-eabi/lib/thumb/v7e-m/nofp/libc.a(libc_a-findfp.o) (__retarget_lock_init_recursive)
/usr/lib/gcc/arm-none-eabi/14.1.0/../../../../arm-none-eabi/lib/thumb/v7e-m/nofp/libc.a(libc_a-strlen.o)
                              /usr/lib/gcc/arm-none-eabi/14.1.0/../../../../arm-none-eabi/lib/thumb/v7e-m/nofp/libc.a(libc_a-puts.o) (strlen)
/usr/lib/gcc/arm-none-eabi/14.1.0/../../../../arm-none-eabi/lib/thumb/v7e-m/nofp/libc.a(libc_a-__atexit.o)
                              /usr/lib/gcc/arm-none-eabi/14.1.0/../../../../arm-none-eabi/lib/thumb/v7e-m/nofp/libc.a(libc_a-atexit.o) (__register_exitproc)
/usr/lib/gcc/arm-none-eabi/14.1.0/../../../../arm-none-eabi/lib/thumb/v7e-m/nofp/libc.a(libc_a-__call_atexit.o)
                              /usr/lib/gcc/arm-none-eabi/14.1.0/../../../../arm-none-eabi/lib/thumb/v7e-m/nofp/libc.a(libc_a-exit.o) (__call_exitprocs)
/usr/lib/gcc/arm-none-eabi/14.1.0/../../../../arm-none-eabi/lib/thumb/v7e-m/nofp/libc.a(libc_a-freer.o)
                              /usr/lib/gcc/arm-none-eabi/14.1.0/../../../../arm-none-eabi/lib/thumb/v7e-m/nofp/libc.a(libc_a-reent.o) (_free_r)
[...]
Memory Configuration

Name             Origin             Length             Attributes
FLASH            0x08000000         0x00040000         xr
SRAM             0x20000000         0x00010000         xrw
*default*        0x00000000         0xffffffff

Linker script and memory map

LOAD /usr/lib/gcc/arm-none-eabi/14.1.0/thumb/v7e-m/nofp/crti.o
LOAD /usr/lib/gcc/arm-none-eabi/14.1.0/thumb/v7e-m/nofp/crtbegin.o
LOAD /usr/lib/gcc/arm-none-eabi/14.1.0/../../../../arm-none-eabi/lib/thumb/v7e-m/nofp/rdimon-crt0.o
LOAD main.o
LOAD led.o
LOAD stm32F401CC_startup.o
START GROUP
LOAD /usr/lib/gcc/arm-none-eabi/14.1.0/thumb/v7e-m/nofp/libgcc.a
LOAD /usr/lib/gcc/arm-none-eabi/14.1.0/../../../../arm-none-eabi/lib/thumb/v7e-m/nofp/libc.a
END GROUP
START GROUP
LOAD /usr/lib/gcc/arm-none-eabi/14.1.0/thumb/v7e-m/nofp/libgcc.a
LOAD /usr/lib/gcc/arm-none-eabi/14.1.0/../../../../arm-none-eabi/lib/thumb/v7e-m/nofp/libc.a
LOAD /usr/lib/gcc/arm-none-eabi/14.1.0/../../../../arm-none-eabi/lib/thumb/v7e-m/nofp/librdimon.a
END GROUP
LOAD /usr/lib/gcc/arm-none-eabi/14.1.0/thumb/v7e-m/nofp/crtend.o
LOAD /usr/lib/gcc/arm-none-eabi/14.1.0/thumb/v7e-m/nofp/crtn.o

.text           0x08000000     0x3488
 *(.isr_vector)
 .isr_vector    0x08000000      0x120 stm32F401CC_startup.o
                0x08000000                vectors
 *(.text)
 .text          0x08000120        0x0 /usr/lib/gcc/arm-none-eabi/14.1.0/thumb/v7e-m/nofp/crti.o
 .text          0x08000120       0x88 /usr/lib/gcc/arm-none-eabi/14.1.0/thumb/v7e-m/nofp/crtbegin.o
 .text          0x080001a8       0xf0 /usr/lib/gcc/arm-none-eabi/14.1.0/../../../../arm-none-eabi/lib/thumb/v7e-m/nofp/rdimon-crt0.o
                0x080001a8                _stack_init
                0x080001b4                _mainCRTStartup
                0x080001b4                _start
 .text          0x08000298      0x520 main.o
                0x08000298                main
                0x080002d4                idle_task
                0x080002dc                task1_handler
                0x0800030c                task2_handler
                0x0800033c                task3_handler
                0x08000368                task4_handler
                0x08000394                enable_processor_faults
                0x080003d0                systick_timer_init
                0x08000440                sched_stack_init
                0x08000448                task_stacks_init
                0x08000560                sp_to_psp
                0x0800057e                get_psp_value
                0x080005a0                save_psp_value
                0x080005c8                update_next_task
                0x0800064c                PendSV_Handler
                0x08000672                schedule
                0x08000698                task_delay
                0x080006f8                update_global_tick_count
                0x08000714                unblock_tasks
                0x08000774                SysTick_Handler
                0x080007a0                HardFault_Handler
                0x080007a8                MemManage_Handler
                0x080007b0                BusFault_Handler
 .text          0x080007b8      0x104 led.o
                0x080007b8                delay
                0x080007e0                led_init_all
                0x0800085c                led_on
                0x0800088c                led_off
 .text          0x080008bc       0x90 stm32F401CC_startup.o
                0x080008bc                EXTI2_IRQHandler
                0x080008bc                SVCall_Handler
                0x080008bc                SPI4_IRQHandler
                0x080008bc                TIM1_CC_IRQHandler
                0x080008bc                DMA2_Stream5_IRQHandler
                0x080008bc                DMA1_Stream5_IRQHandler
                0x080008bc                PVD_IRQHandler
                0x080008bc                SDIO_IRQHandler
                0x080008bc                TAMP_STAMP_IRQHandler
                0x080008bc                NMI_Handler
                0x080008bc                EXTI3_IRQHandler
                0x080008bc                TIM1_UP_TIM10_IRQHandler
                0x080008bc                I2C3_ER_IRQHandler
                0x080008bc                EXTI18_OTG_FS_WKUP_IRQHandler
                0x080008bc                EXTI0_IRQHandler
                0x080008bc                I2C2_EV_IRQHandler
                0x080008bc                DMA1_Stream2_IRQHandler
                0x080008bc                FPU_IRQHandler
                0x080008bc                UsageFault_Handler
                0x080008bc                DMA2_Stream2_IRQHandler
                0x080008bc                SPI1_IRQHandler
                0x080008bc                TIM1_BRK_TIM9_IRQHandler
                0x080008bc                DMA2_Stream3_IRQHandler
                0x080008bc                USART6_IRQHandler
                0x080008bc                DMA2_Stream0_IRQHandler
                0x080008bc                TIM4_IRQHandler
                0x080008bc                I2C1_EV_IRQHandler
                0x080008bc                DMA1_Stream6_IRQHandler
                0x080008bc                DMA1_Stream1_IRQHandler
                0x080008bc                TIM3_IRQHandler
                0x080008bc                RCC_IRQHandler
                0x080008bc                Default_Handler
                0x080008bc                EXTI15_10_IRQHandler
                0x080008bc                ADC_IRQHandler
                0x080008bc                DMA1_Stream7_IRQHandler
                0x080008bc                TIM5_IRQHandler
                0x080008bc                DMA2_Stream7_IRQHandler
                0x080008bc                I2C3_EV_IRQHandler
                0x080008bc                EXTI9_5_IRQHandler
                0x080008bc                RTC_WKUP_IRQHandler
                0x080008bc                SPI2_IRQHandler
                0x080008bc                DMA1_Stream0_IRQHandler
                0x080008bc                EXTI4_IRQHandler
                0x080008bc                WWDG_IRQHandler
                0x080008bc                TIM2_IRQHandler
                0x080008bc                TIM1_TRG_COM_TIM11_IRQHandler
                0x080008bc                EXTI1_IRQHandler
                0x080008bc                EXTI17_RTC_Alarm_IRQHandler
                0x080008bc                USART2_IRQHandler
                0x080008bc                I2C2_ER_IRQHandler
                0x080008bc                DMA2_Stream1_IRQHandler
                0x080008bc                FLASH_IRQHandler
                0x080008bc                DMA2_Stream4_IRQHandler
                0x080008bc                USART1_IRQHandler
                0x080008bc                OTG_FS_IRQHandler
                0x080008bc                SPI3_IRQHandler
                0x080008bc                DMA1_Stream4_IRQHandler
                0x080008bc                I2C1_ER_IRQHandler
                0x080008bc                DebugMonitor_Handler
                0x080008bc                DMA2_Stream6_IRQHandler
                0x080008bc                DMA1_Stream3_IRQHandler
                0x080008c4                Reset_Handler
 .text          0x0800094c        0x0 /usr/lib/gcc/arm-none-eabi/14.1.0/../../../../arm-none-eabi/lib/thumb/v7e-m/nofp/libc.a(libc_a-atexit.o)
 .text          0x0800094c        0x0 /usr/lib/gcc/arm-none-eabi/14.1.0/../../../../arm-none-eabi/lib/thumb/v7e-m/nofp/libc.a(libc_a-exit.o)
 .text          0x0800094c        0x0 /usr/lib/gcc/arm-none-eabi/14.1.0/../../../../arm-none-eabi/lib/thumb/v7e-m/nofp/libc.a(libc_a-findfp.o)
 .text          0x0800094c        0x0 /usr/lib/gcc/arm-none-eabi/14.1.0/../../../../arm-none-eabi/lib/thumb/v7e-m/nofp/libc.a(libc_a-fwalk.o)
 .text          0x0800094c        0x0 /usr/lib/gcc/arm-none-eabi/14.1.0/../../../../arm-none-eabi/lib/thumb/v7e-m/nofp/libc.a(libc_a-puts.o)
 .text          0x0800094c        0x0 /usr/lib/gcc/arm-none-eabi/14.1.0/../../../../arm-none-eabi/lib/thumb/v7e-m/nofp/libc.a(libc_a-stdio.o)
 .text          0x0800094c        0x0 /usr/lib/gcc/arm-none-eabi/14.1.0/../../../../arm-none-eabi/lib/thumb/v7e-m/nofp/libc.a(libc_a-memset.o)
 .text          0x0800094c        0x0 /usr/lib/gcc/arm-none-eabi/14.1.0/../../../../arm-none-eabi/lib/thumb/v7e-m/nofp/libc.a(libc_a-closer.o)
 .text          0x0800094c        0x0 /usr/lib/gcc/arm-none-eabi/14.1.0/../../../../arm-none-eabi/lib/thumb/v7e-m/nofp/libc.a(libc_a-reent.o)
 .text          0x0800094c        0x0 /usr/lib/gcc/arm-none-eabi/14.1.0/../../../../arm-none-eabi/lib/thumb/v7e-m/nofp/libc.a(libc_a-impure.o)
 .text          0x0800094c        0x0 /usr/lib/gcc/arm-none-eabi/14.1.0/../../../../arm-none-eabi/lib/thumb/v7e-m/nofp/libc.a(libc_a-lseekr.o)
 .text          0x0800094c        0x0 /usr/lib/gcc/arm-none-eabi/14.1.0/../../../../arm-none-eabi/lib/thumb/v7e-m/nofp/libc.a(libc_a-readr.o)
 .text          0x0800094c        0x0 /usr/lib/gcc/arm-none-eabi/14.1.0/../../../../arm-none-eabi/lib/thumb/v7e-m/nofp/libc.a(libc_a-writer.o)
 .text          0x0800094c        0x0 /usr/lib/gcc/arm-none-eabi/14.1.0/../../../../arm-none-eabi/lib/thumb/v7e-m/nofp/libc.a(libc_a-init.o)
 .text          0x0800094c        0x0 /usr/lib/gcc/arm-none-eabi/14.1.0/../../../../arm-none-eabi/lib/thumb/v7e-m/nofp/libc.a(libc_a-fini.o)
 .text          0x0800094c        0x0 /usr/lib/gcc/arm-none-eabi/14.1.0/../../../../arm-none-eabi/lib/thumb/v7e-m/nofp/libc.a(libc_a-lock.o)
 *fill*         0x0800094c       0x34 
 .text          0x08000980       0xd8 /usr/lib/gcc/arm-none-eabi/14.1.0/../../../../arm-none-eabi/lib/thumb/v7e-m/nofp/libc.a(libc_a-strlen.o)
                0x08000980                strlen
 .text          0x08000a58        0x0 /usr/lib/gcc/arm-none-eabi/14.1.0/../../../../arm-none-eabi/lib/thumb/v7e-m/nofp/libc.a(libc_a-__atexit.o)
 .text          0x08000a58        0x0 /usr/lib/gcc/arm-none-eabi/14.1.0/../../../../arm-none-eabi/lib/thumb/v7e-m/nofp/libc.a(libc_a-__call_atexit.o)
 .text          0x08000a58        0x0 /usr/lib/gcc/arm-none-eabi/14.1.0/../../../../arm-none-eabi/lib/thumb/v7e-m/nofp/libc.a(libc_a-freer.o)
 .text          0x08000a58        0x0 /usr/lib/gcc/arm-none-eabi/14.1.0/../../../../arm-none-eabi/lib/thumb/v7e-m/nofp/libc.a(libc_a-mallocr.o)
 .text          0x08000a58        0x0 /usr/lib/gcc/arm-none-eabi/14.1.0/../../../../arm-none-eabi/lib/thumb/v7e-m/nofp/libc.a(libc_a-mlock.o)
 .text          0x08000a58        0x0 /usr/lib/gcc/arm-none-eabi/14.1.0/../../../../arm-none-eabi/lib/thumb/v7e-m/nofp/libc.a(libc_a-fclose.o)
 .text          0x08000a58        0x0 /usr/lib/gcc/arm-none-eabi/14.1.0/../../../../arm-none-eabi/lib/thumb/v7e-m/nofp/libc.a(libc_a-fflush.o)
 .text          0x08000a58        0x0 /usr/lib/gcc/arm-none-eabi/14.1.0/../../../../arm-none-eabi/lib/thumb/v7e-m/nofp/libc.a(libc_a-fvwrite.o)
 .text          0x08000a58        0x0 /usr/lib/gcc/arm-none-eabi/14.1.0/../../../../arm-none-eabi/lib/thumb/v7e-m/nofp/libc.a(libc_a-wsetup.o)
 .text          0x08000a58        0x0 /usr/lib/gcc/arm-none-eabi/14.1.0/../../../../arm-none-eabi/lib/thumb/v7e-m/nofp/libc.a(libc_a-memmove.o)
 .text          0x08000a58        0x0 /usr/lib/gcc/arm-none-eabi/14.1.0/../../../../arm-none-eabi/lib/thumb/v7e-m/nofp/libc.a(libc_a-sbrkr.o)
 .text          0x08000a58        0x0 /usr/lib/gcc/arm-none-eabi/14.1.0/../../../../arm-none-eabi/lib/thumb/v7e-m/nofp/libc.a(libc_a-sysconf.o)
 *fill*         0x08000a58        0x8 
 .text          0x08000a60       0xa0 /usr/lib/gcc/arm-none-eabi/14.1.0/../../../../arm-none-eabi/lib/thumb/v7e-m/nofp/libc.a(libc_a-memchr.o)
                0x08000a60                memchr
 .text          0x08000b00      0x134 /usr/lib/gcc/arm-none-eabi/14.1.0/../../../../arm-none-eabi/lib/thumb/v7e-m/nofp/libc.a(libc_a-memcpy.o)
                0x08000b00                memcpy
 .text          0x08000c34        0x0 /usr/lib/gcc/arm-none-eabi/14.1.0/../../../../arm-none-eabi/lib/thumb/v7e-m/nofp/libc.a(libc_a-reallocr.o)
 .text          0x08000c34        0x0 /usr/lib/gcc/arm-none-eabi/14.1.0/../../../../arm-none-eabi/lib/thumb/v7e-m/nofp/libc.a(libc_a-makebuf.o)
 .text          0x08000c34        0x0 /usr/lib/gcc/arm-none-eabi/14.1.0/../../../../arm-none-eabi/lib/thumb/v7e-m/nofp/libc.a(libc_a-fstatr.o)
 .text          0x08000c34        0x0 /usr/lib/gcc/arm-none-eabi/14.1.0/../../../../arm-none-eabi/lib/thumb/v7e-m/nofp/libc.a(libc_a-isattyr.o)
 .text          0x08000c34        0x0 /usr/lib/gcc/arm-none-eabi/14.1.0/../../../../arm-none-eabi/lib/thumb/v7e-m/nofp/libc.a(libc_a-errno.o)
 .text          0x08000c34        0x0 /usr/lib/gcc/arm-none-eabi/14.1.0/../../../../arm-none-eabi/lib/thumb/v7e-m/nofp/librdimon.a(arm_librdimon_a-_exit.o)
 .text          0x08000c34        0x0 /usr/lib/gcc/arm-none-eabi/14.1.0/../../../../arm-none-eabi/lib/thumb/v7e-m/nofp/librdimon.a(arm_librdimon_a-_kill.o)
 .text          0x08000c34        0x0 /usr/lib/gcc/arm-none-eabi/14.1.0/../../../../arm-none-eabi/lib/thumb/v7e-m/nofp/librdimon.a(arm_librdimon_a-syscalls.o)
 .text          0x08000c34        0x0 /usr/lib/gcc/arm-none-eabi/14.1.0/thumb/v7e-m/nofp/crtend.o
 .text          0x08000c34        0x0 /usr/lib/gcc/arm-none-eabi/14.1.0/thumb/v7e-m/nofp/crtn.o
 *(.text.*)
 .text.atexit   0x08000c34        0xc /usr/lib/gcc/arm-none-eabi/14.1.0/../../../../arm-none-eabi/lib/thumb/v7e-m/nofp/libc.a(libc_a-atexit.o)
                0x08000c34                atexit
 .text.exit     0x08000c40       0x1c /usr/lib/gcc/arm-none-eabi/14.1.0/../../../../arm-none-eabi/lib/thumb/v7e-m/nofp/libc.a(libc_a-exit.o)
                0x08000c40                exit
 .text.stdio_exit_handler
                0x08000c5c       0x18 /usr/lib/gcc/arm-none-eabi/14.1.0/../../../../arm-none-eabi/lib/thumb/v7e-m/nofp/libc.a(libc_a-findfp.o)
 .text.cleanup_stdio
                0x08000c74       0x40 /usr/lib/gcc/arm-none-eabi/14.1.0/../../../../arm-none-eabi/lib/thumb/v7e-m/nofp/libc.a(libc_a-findfp.o)
 .text.__fp_lock
                0x08000cb4       0x1c /usr/lib/gcc/arm-none-eabi/14.1.0/../../../../arm-none-eabi/lib/thumb/v7e-m/nofp/libc.a(libc_a-findfp.o)
 .text.__fp_unlock
                0x08000cd0       0x1c /usr/lib/gcc/arm-none-eabi/14.1.0/../../../../arm-none-eabi/lib/thumb/v7e-m/nofp/libc.a(libc_a-findfp.o)
 .text.global_stdio_init.part.0
                0x08000cec       0xf0 /usr/lib/gcc/arm-none-eabi/14.1.0/../../../../arm-none-eabi/lib/thumb/v7e-m/nofp/libc.a(libc_a-findfp.o)
 .text.__sfp    0x08000ddc       0xc0 /usr/lib/gcc/arm-none-eabi/14.1.0/../../../../arm-none-eabi/lib/thumb/v7e-m/nofp/libc.a(libc_a-findfp.o)
                0x08000ddc                __sfp
 .text.__sinit  0x08000e9c       0x3c /usr/lib/gcc/arm-none-eabi/14.1.0/../../../../arm-none-eabi/lib/thumb/v7e-m/nofp/libc.a(libc_a-findfp.o)
                0x08000e9c                __sinit
 .text.__sfp_lock_acquire
                0x08000ed8        0xc /usr/lib/gcc/arm-none-eabi/14.1.0/../../../../arm-none-eabi/lib/thumb/v7e-m/nofp/libc.a(libc_a-findfp.o)
                0x08000ed8                __sfp_lock_acquire
 .text.__sfp_lock_release
                0x08000ee4        0xc /usr/lib/gcc/arm-none-eabi/14.1.0/../../../../arm-none-eabi/lib/thumb/v7e-m/nofp/libc.a(libc_a-findfp.o)
                0x08000ee4                __sfp_lock_release
 .text.__fp_lock_all
                0x08000ef0       0x24 /usr/lib/gcc/arm-none-eabi/14.1.0/../../../../arm-none-eabi/lib/thumb/v7e-m/nofp/libc.a(libc_a-findfp.o)
                0x08000ef0                __fp_lock_all
 .text.__fp_unlock_all
                0x08000f14       0x24 /usr/lib/gcc/arm-none-eabi/14.1.0/../../../../arm-none-eabi/lib/thumb/v7e-m/nofp/libc.a(libc_a-findfp.o)
                0x08000f14                __fp_unlock_all
 .text._fwalk_sglue
                0x08000f38       0x44 /usr/lib/gcc/arm-none-eabi/14.1.0/../../../../arm-none-eabi/lib/thumb/v7e-m/nofp/libc.a(libc_a-fwalk.o)
                0x08000f38                _fwalk_sglue
 .text._puts_r  0x08000f7c       0xbc /usr/lib/gcc/arm-none-eabi/14.1.0/../../../../arm-none-eabi/lib/thumb/v7e-m/nofp/libc.a(libc_a-puts.o)
                0x08000f7c                _puts_r
 .text.puts     0x08001038       0x10 /usr/lib/gcc/arm-none-eabi/14.1.0/../../../../arm-none-eabi/lib/thumb/v7e-m/nofp/libc.a(libc_a-puts.o)
                0x08001038                puts
 .text.__sread  0x08001048       0x24 /usr/lib/gcc/arm-none-eabi/14.1.0/../../../../arm-none-eabi/lib/thumb/v7e-m/nofp/libc.a(libc_a-stdio.o)
                0x08001048                __sread
 .text.__seofread
                0x0800106c        0x4 /usr/lib/gcc/arm-none-eabi/14.1.0/../../../../arm-none-eabi/lib/thumb/v7e-m/nofp/libc.a(libc_a-stdio.o)
                0x0800106c                __seofread
 .text.__swrite
                0x08001070       0x40 /usr/lib/gcc/arm-none-eabi/14.1.0/../../../../arm-none-eabi/lib/thumb/v7e-m/nofp/libc.a(libc_a-stdio.o)
                0x08001070                __swrite
 .text.__sseek  0x080010b0       0x24 /usr/lib/gcc/arm-none-eabi/14.1.0/../../../../arm-none-eabi/lib/thumb/v7e-m/nofp/libc.a(libc_a-stdio.o)
                0x080010b0                __sseek
 .text.__sclose
                0x080010d4        0x8 /usr/lib/gcc/arm-none-eabi/14.1.0/../../../../arm-none-eabi/lib/thumb/v7e-m/nofp/libc.a(libc_a-stdio.o)
                0x080010d4                __sclose
 .text.memset   0x080010dc       0x9c /usr/lib/gcc/arm-none-eabi/14.1.0/../../../../arm-none-eabi/lib/thumb/v7e-m/nofp/libc.a(libc_a-memset.o)
                0x080010dc                memset
 .text._close_r
                0x08001178       0x24 /usr/lib/gcc/arm-none-eabi/14.1.0/../../../../arm-none-eabi/lib/thumb/v7e-m/nofp/libc.a(libc_a-closer.o)
                0x08001178                _close_r
 .text._reclaim_reent
                0x0800119c       0x6c /usr/lib/gcc/arm-none-eabi/14.1.0/../../../../arm-none-eabi/lib/thumb/v7e-m/nofp/libc.a(libc_a-reent.o)
                0x0800119c                _reclaim_reent
 .text._lseek_r
                0x08001208       0x2c /usr/lib/gcc/arm-none-eabi/14.1.0/../../../../arm-none-eabi/lib/thumb/v7e-m/nofp/libc.a(libc_a-lseekr.o)
                0x08001208                _lseek_r
 .text._read_r  0x08001234       0x2c /usr/lib/gcc/arm-none-eabi/14.1.0/../../../../arm-none-eabi/lib/thumb/v7e-m/nofp/libc.a(libc_a-readr.o)
                0x08001234                _read_r
 .text._write_r
                0x08001260       0x2c /usr/lib/gcc/arm-none-eabi/14.1.0/../../../../arm-none-eabi/lib/thumb/v7e-m/nofp/libc.a(libc_a-writer.o)
                0x08001260                _write_r
 .text.__libc_init_array
                0x0800128c       0x50 /usr/lib/gcc/arm-none-eabi/14.1.0/../../../../arm-none-eabi/lib/thumb/v7e-m/nofp/libc.a(libc_a-init.o)
                0x0800128c                __libc_init_array
 .text.__libc_fini_array
                0x080012dc       0x28 /usr/lib/gcc/arm-none-eabi/14.1.0/../../../../arm-none-eabi/lib/thumb/v7e-m/nofp/libc.a(libc_a-fini.o)
                0x080012dc                __libc_fini_array
 .text.__retarget_lock_init
                0x08001304        0x4 /usr/lib/gcc/arm-none-eabi/14.1.0/../../../../arm-none-eabi/lib/thumb/v7e-m/nofp/libc.a(libc_a-lock.o)
                0x08001304                __retarget_lock_init
 .text.__retarget_lock_init_recursive
                0x08001308        0x4 /usr/lib/gcc/arm-none-eabi/14.1.0/../../../../arm-none-eabi/lib/thumb/v7e-m/nofp/libc.a(libc_a-lock.o)
                0x08001308                __retarget_lock_init_recursive
 .text.__retarget_lock_close
                0x0800130c        0x4 /usr/lib/gcc/arm-none-eabi/14.1.0/../../../../arm-none-eabi/lib/thumb/v7e-m/nofp/libc.a(libc_a-lock.o)
                0x0800130c                __retarget_lock_close
 .text.__retarget_lock_close_recursive
                0x08001310        0x4 /usr/lib/gcc/arm-none-eabi/14.1.0/../../../../arm-none-eabi/lib/thumb/v7e-m/nofp/libc.a(libc_a-lock.o)
                0x08001310                __retarget_lock_close_recursive
 .text.__retarget_lock_acquire
                0x08001314        0x4 /usr/lib/gcc/arm-none-eabi/14.1.0/../../../../arm-none-eabi/lib/thumb/v7e-m/nofp/libc.a(libc_a-lock.o)
                0x08001314                __retarget_lock_acquire
 .text.__retarget_lock_acquire_recursive
                0x08001318        0x4 /usr/lib/gcc/arm-none-eabi/14.1.0/../../../../arm-none-eabi/lib/thumb/v7e-m/nofp/libc.a(libc_a-lock.o)
                0x08001318                __retarget_lock_acquire_recursive
 .text.__retarget_lock_try_acquire
                0x0800131c        0x4 /usr/lib/gcc/arm-none-eabi/14.1.0/../../../../arm-none-eabi/lib/thumb/v7e-m/nofp/libc.a(libc_a-lock.o)
                0x0800131c                __retarget_lock_try_acquire
 .text.__retarget_lock_try_acquire_recursive
                0x08001320        0x4 /usr/lib/gcc/arm-none-eabi/14.1.0/../../../../arm-none-eabi/lib/thumb/v7e-m/nofp/libc.a(libc_a-lock.o)
                0x08001320                __retarget_lock_try_acquire_recursive
 .text.__retarget_lock_release
                0x08001324        0x4 /usr/lib/gcc/arm-none-eabi/14.1.0/../../../../arm-none-eabi/lib/thumb/v7e-m/nofp/libc.a(libc_a-lock.o)
                0x08001324                __retarget_lock_release
 .text.__retarget_lock_release_recursive
                0x08001328        0x4 /usr/lib/gcc/arm-none-eabi/14.1.0/../../../../arm-none-eabi/lib/thumb/v7e-m/nofp/libc.a(libc_a-lock.o)
                0x08001328                __retarget_lock_release_recursive
 .text.__register_exitproc
                0x0800132c       0x80 /usr/lib/gcc/arm-none-eabi/14.1.0/../../../../arm-none-eabi/lib/thumb/v7e-m/nofp/libc.a(libc_a-__atexit.o)
                0x0800132c                __register_exitproc
 .text.startup.register_fini
                0x080013ac       0x14 /usr/lib/gcc/arm-none-eabi/14.1.0/../../../../arm-none-eabi/lib/thumb/v7e-m/nofp/libc.a(libc_a-__call_atexit.o)
 .text.__call_exitprocs
                0x080013c0       0xc0 /usr/lib/gcc/arm-none-eabi/14.1.0/../../../../arm-none-eabi/lib/thumb/v7e-m/nofp/libc.a(libc_a-__call_atexit.o)
                0x080013c0                __call_exitprocs
 .text._malloc_trim_r
                0x08001480       0xb8 /usr/lib/gcc/arm-none-eabi/14.1.0/../../../../arm-none-eabi/lib/thumb/v7e-m/nofp/libc.a(libc_a-freer.o)
                0x08001480                _malloc_trim_r
 .text._free_r  0x08001538      0x1f0 /usr/lib/gcc/arm-none-eabi/14.1.0/../../../../arm-none-eabi/lib/thumb/v7e-m/nofp/libc.a(libc_a-freer.o)
                0x08001538                _free_r
 .text._malloc_r
                0x08001728      0x598 /usr/lib/gcc/arm-none-eabi/14.1.0/../../../../arm-none-eabi/lib/thumb/v7e-m/nofp/libc.a(libc_a-mallocr.o)
                0x08001728                _malloc_r
 .text.__malloc_lock
                0x08001cc0        0xc /usr/lib/gcc/arm-none-eabi/14.1.0/../../../../arm-none-eabi/lib/thumb/v7e-m/nofp/libc.a(libc_a-mlock.o)
                0x08001cc0                __malloc_lock
 .text.__malloc_unlock
                0x08001ccc        0xc /usr/lib/gcc/arm-none-eabi/14.1.0/../../../../arm-none-eabi/lib/thumb/v7e-m/nofp/libc.a(libc_a-mlock.o)
                0x08001ccc                __malloc_unlock
 .text._fclose_r
                0x08001cd8       0xc0 /usr/lib/gcc/arm-none-eabi/14.1.0/../../../../arm-none-eabi/lib/thumb/v7e-m/nofp/libc.a(libc_a-fclose.o)
                0x08001cd8                _fclose_r
 .text.fclose   0x08001d98       0x10 /usr/lib/gcc/arm-none-eabi/14.1.0/../../../../arm-none-eabi/lib/thumb/v7e-m/nofp/libc.a(libc_a-fclose.o)
                0x08001d98                fclose
 .text.__sflush_r
                0x08001da8      0x124 /usr/lib/gcc/arm-none-eabi/14.1.0/../../../../arm-none-eabi/lib/thumb/v7e-m/nofp/libc.a(libc_a-fflush.o)
                0x08001da8                __sflush_r
 .text._fflush_r
                0x08001ecc       0x54 /usr/lib/gcc/arm-none-eabi/14.1.0/../../../../arm-none-eabi/lib/thumb/v7e-m/nofp/libc.a(libc_a-fflush.o)
                0x08001ecc                _fflush_r
 .text.fflush   0x08001f20       0x74 /usr/lib/gcc/arm-none-eabi/14.1.0/../../../../arm-none-eabi/lib/thumb/v7e-m/nofp/libc.a(libc_a-fflush.o)
                0x08001f20                fflush
 .text.__sfvwrite_r
                0x08001f94      0x2d8 /usr/lib/gcc/arm-none-eabi/14.1.0/../../../../arm-none-eabi/lib/thumb/v7e-m/nofp/libc.a(libc_a-fvwrite.o)
                0x08001f94                __sfvwrite_r
 .text.__swsetup_r
                0x0800226c       0xf4 /usr/lib/gcc/arm-none-eabi/14.1.0/../../../../arm-none-eabi/lib/thumb/v7e-m/nofp/libc.a(libc_a-wsetup.o)
                0x0800226c                __swsetup_r
 .text.memmove  0x08002360       0xf8 /usr/lib/gcc/arm-none-eabi/14.1.0/../../../../arm-none-eabi/lib/thumb/v7e-m/nofp/libc.a(libc_a-memmove.o)
                0x08002360                memmove
 .text._sbrk_r  0x08002458       0x24 /usr/lib/gcc/arm-none-eabi/14.1.0/../../../../arm-none-eabi/lib/thumb/v7e-m/nofp/libc.a(libc_a-sbrkr.o)
                0x08002458                _sbrk_r
 .text.sysconf  0x0800247c       0x1c /usr/lib/gcc/arm-none-eabi/14.1.0/../../../../arm-none-eabi/lib/thumb/v7e-m/nofp/libc.a(libc_a-sysconf.o)
                0x0800247c                sysconf
 .text._realloc_r
                0x08002498      0x348 /usr/lib/gcc/arm-none-eabi/14.1.0/../../../../arm-none-eabi/lib/thumb/v7e-m/nofp/libc.a(libc_a-reallocr.o)
                0x08002498                _realloc_r
 .text.__smakebuf_r
                0x080027e0       0xd0 /usr/lib/gcc/arm-none-eabi/14.1.0/../../../../arm-none-eabi/lib/thumb/v7e-m/nofp/libc.a(libc_a-makebuf.o)
                0x080027e0                __smakebuf_r
 .text.__swhatbuf_r
                0x080028b0       0x60 /usr/lib/gcc/arm-none-eabi/14.1.0/../../../../arm-none-eabi/lib/thumb/v7e-m/nofp/libc.a(libc_a-makebuf.o)
                0x080028b0                __swhatbuf_r
 .text._fstat_r
                0x08002910       0x2c /usr/lib/gcc/arm-none-eabi/14.1.0/../../../../arm-none-eabi/lib/thumb/v7e-m/nofp/libc.a(libc_a-fstatr.o)
                0x08002910                _fstat_r
 .text._isatty_r
                0x0800293c       0x24 /usr/lib/gcc/arm-none-eabi/14.1.0/../../../../arm-none-eabi/lib/thumb/v7e-m/nofp/libc.a(libc_a-isattyr.o)
                0x0800293c                _isatty_r
 .text.__errno  0x08002960        0xc /usr/lib/gcc/arm-none-eabi/14.1.0/../../../../arm-none-eabi/lib/thumb/v7e-m/nofp/libc.a(libc_a-errno.o)
                0x08002960                __errno
 .text._exit    0x0800296c       0x14 /usr/lib/gcc/arm-none-eabi/14.1.0/../../../../arm-none-eabi/lib/thumb/v7e-m/nofp/librdimon.a(arm_librdimon_a-_exit.o)
                0x0800296c                _exit
 .text._kill_shared
                0x08002980       0x30 /usr/lib/gcc/arm-none-eabi/14.1.0/../../../../arm-none-eabi/lib/thumb/v7e-m/nofp/librdimon.a(arm_librdimon_a-_kill.o)
                0x08002980                _kill_shared
 .text._kill    0x080029b0       0x1c /usr/lib/gcc/arm-none-eabi/14.1.0/../../../../arm-none-eabi/lib/thumb/v7e-m/nofp/librdimon.a(arm_librdimon_a-_kill.o)
                0x080029b0                _kill
 .text._swiread
                0x080029cc       0x3c /usr/lib/gcc/arm-none-eabi/14.1.0/../../../../arm-none-eabi/lib/thumb/v7e-m/nofp/librdimon.a(arm_librdimon_a-syscalls.o)
                0x080029cc                _swiread
 .text._read    0x08002a08       0x84 /usr/lib/gcc/arm-none-eabi/14.1.0/../../../../arm-none-eabi/lib/thumb/v7e-m/nofp/librdimon.a(arm_librdimon_a-syscalls.o)
                0x08002a08                _read
 .text._swilseek
                0x08002a8c       0xc4 /usr/lib/gcc/arm-none-eabi/14.1.0/../../../../arm-none-eabi/lib/thumb/v7e-m/nofp/librdimon.a(arm_librdimon_a-syscalls.o)
                0x08002a8c                _swilseek
 .text._lseek   0x08002b50        0x4 /usr/lib/gcc/arm-none-eabi/14.1.0/../../../../arm-none-eabi/lib/thumb/v7e-m/nofp/librdimon.a(arm_librdimon_a-syscalls.o)
                0x08002b50                _lseek
 .text._swiwrite
                0x08002b54       0x3c /usr/lib/gcc/arm-none-eabi/14.1.0/../../../../arm-none-eabi/lib/thumb/v7e-m/nofp/librdimon.a(arm_librdimon_a-syscalls.o)
                0x08002b54                _swiwrite
 .text._write   0x08002b90       0xb0 /usr/lib/gcc/arm-none-eabi/14.1.0/../../../../arm-none-eabi/lib/thumb/v7e-m/nofp/librdimon.a(arm_librdimon_a-syscalls.o)
                0x08002b90                _write
 .text._swiclose
                0x08002c40       0x38 /usr/lib/gcc/arm-none-eabi/14.1.0/../../../../arm-none-eabi/lib/thumb/v7e-m/nofp/librdimon.a(arm_librdimon_a-syscalls.o)
                0x08002c40                _swiclose
 .text._close   0x08002c78       0x94 /usr/lib/gcc/arm-none-eabi/14.1.0/../../../../arm-none-eabi/lib/thumb/v7e-m/nofp/librdimon.a(arm_librdimon_a-syscalls.o)
                0x08002c78                _close
 .text._getpid  0x08002d0c        0x4 /usr/lib/gcc/arm-none-eabi/14.1.0/../../../../arm-none-eabi/lib/thumb/v7e-m/nofp/librdimon.a(arm_librdimon_a-syscalls.o)
                0x08002d0c                _getpid
 .text._sbrk    0x08002d10       0x48 /usr/lib/gcc/arm-none-eabi/14.1.0/../../../../arm-none-eabi/lib/thumb/v7e-m/nofp/librdimon.a(arm_librdimon_a-syscalls.o)
                0x08002d10                _sbrk
 .text._swistat
                0x08002d58       0x7c /usr/lib/gcc/arm-none-eabi/14.1.0/../../../../arm-none-eabi/lib/thumb/v7e-m/nofp/librdimon.a(arm_librdimon_a-syscalls.o)
                0x08002d58                _swistat
 .text._fstat   0x08002dd4       0x1c /usr/lib/gcc/arm-none-eabi/14.1.0/../../../../arm-none-eabi/lib/thumb/v7e-m/nofp/librdimon.a(arm_librdimon_a-syscalls.o)
                0x08002dd4                _fstat
 .text._stat    0x08002df0       0x3c /usr/lib/gcc/arm-none-eabi/14.1.0/../../../../arm-none-eabi/lib/thumb/v7e-m/nofp/librdimon.a(arm_librdimon_a-syscalls.o)
                0x08002df0                _stat
 .text._swiopen
                0x08002e2c       0xf0 /usr/lib/gcc/arm-none-eabi/14.1.0/../../../../arm-none-eabi/lib/thumb/v7e-m/nofp/librdimon.a(arm_librdimon_a-syscalls.o)
                0x08002e2c                _swiopen
 .text._open    0x08002f1c       0x14 /usr/lib/gcc/arm-none-eabi/14.1.0/../../../../arm-none-eabi/lib/thumb/v7e-m/nofp/librdimon.a(arm_librdimon_a-syscalls.o)
                0x08002f1c                _open
 .text._get_semihosting_exts
                0x08002f30      0x10c /usr/lib/gcc/arm-none-eabi/14.1.0/../../../../arm-none-eabi/lib/thumb/v7e-m/nofp/librdimon.a(arm_librdimon_a-syscalls.o)
                0x08002f30                _get_semihosting_exts
 .text._has_ext_exit_extended
                0x0800303c       0x48 /usr/lib/gcc/arm-none-eabi/14.1.0/../../../../arm-none-eabi/lib/thumb/v7e-m/nofp/librdimon.a(arm_librdimon_a-syscalls.o)
                0x0800303c                _has_ext_exit_extended
 .text._has_ext_stdout_stderr
                0x08003084       0x48 /usr/lib/gcc/arm-none-eabi/14.1.0/../../../../arm-none-eabi/lib/thumb/v7e-m/nofp/librdimon.a(arm_librdimon_a-syscalls.o)
                0x08003084                _has_ext_stdout_stderr
 .text.initialise_monitor_handles
                0x080030cc      0x148 /usr/lib/gcc/arm-none-eabi/14.1.0/../../../../arm-none-eabi/lib/thumb/v7e-m/nofp/librdimon.a(arm_librdimon_a-syscalls.o)
                0x080030cc                initialise_monitor_handles
 .text._link    0x08003214       0x10 /usr/lib/gcc/arm-none-eabi/14.1.0/../../../../arm-none-eabi/lib/thumb/v7e-m/nofp/librdimon.a(arm_librdimon_a-syscalls.o)
                0x08003214                _link
 .text._unlink  0x08003224       0x40 /usr/lib/gcc/arm-none-eabi/14.1.0/../../../../arm-none-eabi/lib/thumb/v7e-m/nofp/librdimon.a(arm_librdimon_a-syscalls.o)
                0x08003224                _unlink
 .text._gettimeofday
                0x08003264       0x28 /usr/lib/gcc/arm-none-eabi/14.1.0/../../../../arm-none-eabi/lib/thumb/v7e-m/nofp/librdimon.a(arm_librdimon_a-syscalls.o)
                0x08003264                _gettimeofday
 .text._clock   0x0800328c       0x14 /usr/lib/gcc/arm-none-eabi/14.1.0/../../../../arm-none-eabi/lib/thumb/v7e-m/nofp/librdimon.a(arm_librdimon_a-syscalls.o)
                0x0800328c                _clock
 .text._times   0x080032a0       0x20 /usr/lib/gcc/arm-none-eabi/14.1.0/../../../../arm-none-eabi/lib/thumb/v7e-m/nofp/librdimon.a(arm_librdimon_a-syscalls.o)
                0x080032a0                _times
 .text._isatty  0x080032c0       0x64 /usr/lib/gcc/arm-none-eabi/14.1.0/../../../../arm-none-eabi/lib/thumb/v7e-m/nofp/librdimon.a(arm_librdimon_a-syscalls.o)
                0x080032c0                _isatty
 .text._system  0x08003324       0x58 /usr/lib/gcc/arm-none-eabi/14.1.0/../../../../arm-none-eabi/lib/thumb/v7e-m/nofp/librdimon.a(arm_librdimon_a-syscalls.o)
                0x08003324                _system
 .text._rename  0x0800337c       0x54 /usr/lib/gcc/arm-none-eabi/14.1.0/../../../../arm-none-eabi/lib/thumb/v7e-m/nofp/librdimon.a(arm_librdimon_a-syscalls.o)
                0x0800337c                _rename
 *(.rodata)
 .rodata        0x080033d0       0x24 /usr/lib/gcc/arm-none-eabi/14.1.0/thumb/v7e-m/nofp/crtbegin.o
 .rodata        0x080033f4       0x4f main.o
 *fill*         0x08003443        0x1 
 .rodata        0x08003444       0x24 /usr/lib/gcc/arm-none-eabi/14.1.0/thumb/v7e-m/nofp/crtend.o
 *(.rodata.*)
 .rodata._puts_r.str1.4
                0x08003468       0x20 /usr/lib/gcc/arm-none-eabi/14.1.0/../../../../arm-none-eabi/lib/thumb/v7e-m/nofp/libc.a(libc_a-puts.o)
                                  0x2 (size before relaxing)
 .rodata._get_semihosting_exts.str1.4
                0x08003488       0x16 /usr/lib/gcc/arm-none-eabi/14.1.0/../../../../arm-none-eabi/lib/thumb/v7e-m/nofp/librdimon.a(arm_librdimon_a-syscalls.o)
 .rodata.initialise_monitor_handles.str1.4
                0x08003488        0x4 /usr/lib/gcc/arm-none-eabi/14.1.0/../../../../arm-none-eabi/lib/thumb/v7e-m/nofp/librdimon.a(arm_librdimon_a-syscalls.o)
                0x080034a0                        . = ALIGN (0x4)
                0x08003488                        _etxt = .
                0x080034ac                        _la_data = LOADADDR (.data)

.glue_7         0x08003488        0x0
 .glue_7        0x08003488        0x0 linker stubs

.glue_7t        0x08003488        0x0
 .glue_7t       0x08003488        0x0 linker stubs

.vfp11_veneer   0x08003488        0x0
 .vfp11_veneer  0x08003488        0x0 linker stubs

.v4_bx          0x08003488        0x0
 .v4_bx         0x08003488        0x0 linker stubs

.init           0x08003488        0xc
 .init          0x08003488        0x4 /usr/lib/gcc/arm-none-eabi/14.1.0/thumb/v7e-m/nofp/crti.o
                0x08003488                _init
 .init          0x0800348c        0x8 /usr/lib/gcc/arm-none-eabi/14.1.0/thumb/v7e-m/nofp/crtn.o

.fini           0x08003494        0xc
 .fini          0x08003494        0x4 /usr/lib/gcc/arm-none-eabi/14.1.0/thumb/v7e-m/nofp/crti.o
                0x08003494                _fini
 .fini          0x08003498        0x8 /usr/lib/gcc/arm-none-eabi/14.1.0/thumb/v7e-m/nofp/crtn.o

.iplt           0x080034a0        0x0
 .iplt          0x080034a0        0x0 /usr/lib/gcc/arm-none-eabi/14.1.0/thumb/v7e-m/nofp/crtbegin.o

.eh_frame       0x080034a0        0x4
 .eh_frame      0x080034a0        0x0 /usr/lib/gcc/arm-none-eabi/14.1.0/thumb/v7e-m/nofp/crtbegin.o
 .eh_frame      0x080034a0        0x4 /usr/lib/gcc/arm-none-eabi/14.1.0/thumb/v7e-m/nofp/crtend.o

.ARM.extab      0x080034a4        0x0
 .ARM.extab     0x080034a4        0x0 /usr/lib/gcc/arm-none-eabi/14.1.0/../../../../arm-none-eabi/lib/thumb/v7e-m/nofp/rdimon-crt0.o
 .ARM.extab     0x080034a4        0x0 /usr/lib/gcc/arm-none-eabi/14.1.0/../../../../arm-none-eabi/lib/thumb/v7e-m/nofp/libc.a(libc_a-strlen.o)
 .ARM.extab     0x080034a4        0x0 /usr/lib/gcc/arm-none-eabi/14.1.0/../../../../arm-none-eabi/lib/thumb/v7e-m/nofp/libc.a(libc_a-memchr.o)
 .ARM.extab     0x080034a4        0x0 /usr/lib/gcc/arm-none-eabi/14.1.0/../../../../arm-none-eabi/lib/thumb/v7e-m/nofp/libc.a(libc_a-memcpy.o)

.ARM.exidx      0x080034a4        0x8
 .ARM.exidx     0x080034a4        0x8 /usr/lib/gcc/arm-none-eabi/14.1.0/../../../../arm-none-eabi/lib/thumb/v7e-m/nofp/rdimon-crt0.o
                                 0x10 (size before relaxing)
 .ARM.exidx     0x080034ac        0x0 /usr/lib/gcc/arm-none-eabi/14.1.0/../../../../arm-none-eabi/lib/thumb/v7e-m/nofp/libc.a(libc_a-strlen.o)
                                  0x8 (size before relaxing)
 .ARM.exidx     0x080034ac        0x0 /usr/lib/gcc/arm-none-eabi/14.1.0/../../../../arm-none-eabi/lib/thumb/v7e-m/nofp/libc.a(libc_a-memchr.o)
                                  0x8 (size before relaxing)
 .ARM.exidx     0x080034ac        0x0 /usr/lib/gcc/arm-none-eabi/14.1.0/../../../../arm-none-eabi/lib/thumb/v7e-m/nofp/libc.a(libc_a-memcpy.o)
                                  0x8 (size before relaxing)

.rel.dyn        0x080034ac        0x0
 .rel.iplt      0x080034ac        0x0 /usr/lib/gcc/arm-none-eabi/14.1.0/thumb/v7e-m/nofp/crtbegin.o

.data           0x20000000      0x694 load address 0x080034ac
                0x20000000                        _sdata = .
 *(.data)
 .data          0x20000000        0x0 /usr/lib/gcc/arm-none-eabi/14.1.0/thumb/v7e-m/nofp/crti.o
 .data          0x20000000        0x4 /usr/lib/gcc/arm-none-eabi/14.1.0/thumb/v7e-m/nofp/crtbegin.o
                0x20000000                __dso_handle
 .data          0x20000004      0x118 /usr/lib/gcc/arm-none-eabi/14.1.0/../../../../arm-none-eabi/lib/thumb/v7e-m/nofp/rdimon-crt0.o
                0x2000000c                __stack_base__
 .data          0x2000011c        0x4 main.o
                0x2000011c                currentTask
 .data          0x20000120        0x0 led.o
 .data          0x20000120        0x0 stm32F401CC_startup.o
 .data          0x20000120        0x0 /usr/lib/gcc/arm-none-eabi/14.1.0/../../../../arm-none-eabi/lib/thumb/v7e-m/nofp/libc.a(libc_a-atexit.o)
 .data          0x20000120        0x0 /usr/lib/gcc/arm-none-eabi/14.1.0/../../../../arm-none-eabi/lib/thumb/v7e-m/nofp/libc.a(libc_a-exit.o)
 .data          0x20000120        0x0 /usr/lib/gcc/arm-none-eabi/14.1.0/../../../../arm-none-eabi/lib/thumb/v7e-m/nofp/libc.a(libc_a-findfp.o)
 .data          0x20000120        0x0 /usr/lib/gcc/arm-none-eabi/14.1.0/../../../../arm-none-eabi/lib/thumb/v7e-m/nofp/libc.a(libc_a-fwalk.o)
 .data          0x20000120        0x0 /usr/lib/gcc/arm-none-eabi/14.1.0/../../../../arm-none-eabi/lib/thumb/v7e-m/nofp/libc.a(libc_a-puts.o)
 .data          0x20000120        0x0 /usr/lib/gcc/arm-none-eabi/14.1.0/../../../../arm-none-eabi/lib/thumb/v7e-m/nofp/libc.a(libc_a-stdio.o)
 .data          0x20000120        0x0 /usr/lib/gcc/arm-none-eabi/14.1.0/../../../../arm-none-eabi/lib/thumb/v7e-m/nofp/libc.a(libc_a-memset.o)
 .data          0x20000120        0x0 /usr/lib/gcc/arm-none-eabi/14.1.0/../../../../arm-none-eabi/lib/thumb/v7e-m/nofp/libc.a(libc_a-closer.o)
 .data          0x20000120        0x0 /usr/lib/gcc/arm-none-eabi/14.1.0/../../../../arm-none-eabi/lib/thumb/v7e-m/nofp/libc.a(libc_a-reent.o)
 .data          0x20000120        0x0 /usr/lib/gcc/arm-none-eabi/14.1.0/../../../../arm-none-eabi/lib/thumb/v7e-m/nofp/libc.a(libc_a-impure.o)
 .data          0x20000120        0x0 /usr/lib/gcc/arm-none-eabi/14.1.0/../../../../arm-none-eabi/lib/thumb/v7e-m/nofp/libc.a(libc_a-lseekr.o)
 .data          0x20000120        0x0 /usr/lib/gcc/arm-none-eabi/14.1.0/../../../../arm-none-eabi/lib/thumb/v7e-m/nofp/libc.a(libc_a-readr.o)
 .data          0x20000120        0x0 /usr/lib/gcc/arm-none-eabi/14.1.0/../../../../arm-none-eabi/lib/thumb/v7e-m/nofp/libc.a(libc_a-writer.o)
 .data          0x20000120        0x0 /usr/lib/gcc/arm-none-eabi/14.1.0/../../../../arm-none-eabi/lib/thumb/v7e-m/nofp/libc.a(libc_a-init.o)
 .data          0x20000120        0x0 /usr/lib/gcc/arm-none-eabi/14.1.0/../../../../arm-none-eabi/lib/thumb/v7e-m/nofp/libc.a(libc_a-fini.o)
 .data          0x20000120        0x0 /usr/lib/gcc/arm-none-eabi/14.1.0/../../../../arm-none-eabi/lib/thumb/v7e-m/nofp/libc.a(libc_a-lock.o)
 .data          0x20000120        0x0 /usr/lib/gcc/arm-none-eabi/14.1.0/../../../../arm-none-eabi/lib/thumb/v7e-m/nofp/libc.a(libc_a-strlen.o)
 .data          0x20000120        0x0 /usr/lib/gcc/arm-none-eabi/14.1.0/../../../../arm-none-eabi/lib/thumb/v7e-m/nofp/libc.a(libc_a-__atexit.o)
 .data          0x20000120        0x0 /usr/lib/gcc/arm-none-eabi/14.1.0/../../../../arm-none-eabi/lib/thumb/v7e-m/nofp/libc.a(libc_a-__call_atexit.o)
 .data          0x20000120        0x0 /usr/lib/gcc/arm-none-eabi/14.1.0/../../../../arm-none-eabi/lib/thumb/v7e-m/nofp/libc.a(libc_a-freer.o)
 .data          0x20000120        0x0 /usr/lib/gcc/arm-none-eabi/14.1.0/../../../../arm-none-eabi/lib/thumb/v7e-m/nofp/libc.a(libc_a-mallocr.o)
 .data          0x20000120        0x0 /usr/lib/gcc/arm-none-eabi/14.1.0/../../../../arm-none-eabi/lib/thumb/v7e-m/nofp/libc.a(libc_a-mlock.o)
 .data          0x20000120        0x0 /usr/lib/gcc/arm-none-eabi/14.1.0/../../../../arm-none-eabi/lib/thumb/v7e-m/nofp/libc.a(libc_a-fclose.o)
 .data          0x20000120        0x0 /usr/lib/gcc/arm-none-eabi/14.1.0/../../../../arm-none-eabi/lib/thumb/v7e-m/nofp/libc.a(libc_a-fflush.o)
 .data          0x20000120        0x0 /usr/lib/gcc/arm-none-eabi/14.1.0/../../../../arm-none-eabi/lib/thumb/v7e-m/nofp/libc.a(libc_a-fvwrite.o)
 .data          0x20000120        0x0 /usr/lib/gcc/arm-none-eabi/14.1.0/../../../../arm-none-eabi/lib/thumb/v7e-m/nofp/libc.a(libc_a-wsetup.o)
 .data          0x20000120        0x0 /usr/lib/gcc/arm-none-eabi/14.1.0/../../../../arm-none-eabi/lib/thumb/v7e-m/nofp/libc.a(libc_a-memmove.o)
 .data          0x20000120        0x0 /usr/lib/gcc/arm-none-eabi/14.1.0/../../../../arm-none-eabi/lib/thumb/v7e-m/nofp/libc.a(libc_a-sbrkr.o)
 .data          0x20000120        0x0 /usr/lib/gcc/arm-none-eabi/14.1.0/../../../../arm-none-eabi/lib/thumb/v7e-m/nofp/libc.a(libc_a-sysconf.o)
 .data          0x20000120        0x0 /usr/lib/gcc/arm-none-eabi/14.1.0/../../../../arm-none-eabi/lib/thumb/v7e-m/nofp/libc.a(libc_a-memchr.o)
 .data          0x20000120        0x0 /usr/lib/gcc/arm-none-eabi/14.1.0/../../../../arm-none-eabi/lib/thumb/v7e-m/nofp/libc.a(libc_a-memcpy.o)
 .data          0x20000120        0x0 /usr/lib/gcc/arm-none-eabi/14.1.0/../../../../arm-none-eabi/lib/thumb/v7e-m/nofp/libc.a(libc_a-reallocr.o)
 .data          0x20000120        0x0 /usr/lib/gcc/arm-none-eabi/14.1.0/../../../../arm-none-eabi/lib/thumb/v7e-m/nofp/libc.a(libc_a-makebuf.o)
 .data          0x20000120        0x0 /usr/lib/gcc/arm-none-eabi/14.1.0/../../../../arm-none-eabi/lib/thumb/v7e-m/nofp/libc.a(libc_a-fstatr.o)
 .data          0x20000120        0x0 /usr/lib/gcc/arm-none-eabi/14.1.0/../../../../arm-none-eabi/lib/thumb/v7e-m/nofp/libc.a(libc_a-isattyr.o)
 .data          0x20000120        0x0 /usr/lib/gcc/arm-none-eabi/14.1.0/../../../../arm-none-eabi/lib/thumb/v7e-m/nofp/libc.a(libc_a-errno.o)
 .data          0x20000120        0x0 /usr/lib/gcc/arm-none-eabi/14.1.0/../../../../arm-none-eabi/lib/thumb/v7e-m/nofp/librdimon.a(arm_librdimon_a-_exit.o)
 .data          0x20000120        0x0 /usr/lib/gcc/arm-none-eabi/14.1.0/../../../../arm-none-eabi/lib/thumb/v7e-m/nofp/librdimon.a(arm_librdimon_a-_kill.o)
 .data          0x20000120        0x0 /usr/lib/gcc/arm-none-eabi/14.1.0/../../../../arm-none-eabi/lib/thumb/v7e-m/nofp/librdimon.a(arm_librdimon_a-syscalls.o)
 .data          0x20000120        0x0 /usr/lib/gcc/arm-none-eabi/14.1.0/thumb/v7e-m/nofp/crtend.o
 .data          0x20000120        0x0 /usr/lib/gcc/arm-none-eabi/14.1.0/thumb/v7e-m/nofp/crtn.o
 *(.data.*)
 .data.__sglue  0x20000120        0xc /usr/lib/gcc/arm-none-eabi/14.1.0/../../../../arm-none-eabi/lib/thumb/v7e-m/nofp/libc.a(libc_a-findfp.o)
                0x20000120                __sglue
 .data._impure_ptr
                0x2000012c        0x4 /usr/lib/gcc/arm-none-eabi/14.1.0/../../../../arm-none-eabi/lib/thumb/v7e-m/nofp/libc.a(libc_a-impure.o)
                0x2000012c                _impure_ptr
 .data._impure_data
                0x20000130      0x140 /usr/lib/gcc/arm-none-eabi/14.1.0/../../../../arm-none-eabi/lib/thumb/v7e-m/nofp/libc.a(libc_a-impure.o)
                0x20000130                _impure_data
 .data.__atexit_recursive_mutex
                0x20000270        0x4 /usr/lib/gcc/arm-none-eabi/14.1.0/../../../../arm-none-eabi/lib/thumb/v7e-m/nofp/libc.a(libc_a-__call_atexit.o)
                0x20000270                __atexit_recursive_mutex
 .data.__malloc_sbrk_base
                0x20000274        0x4 /usr/lib/gcc/arm-none-eabi/14.1.0/../../../../arm-none-eabi/lib/thumb/v7e-m/nofp/libc.a(libc_a-mallocr.o)
                0x20000274                __malloc_sbrk_base
 .data.__malloc_trim_threshold
                0x20000278        0x4 /usr/lib/gcc/arm-none-eabi/14.1.0/../../../../arm-none-eabi/lib/thumb/v7e-m/nofp/libc.a(libc_a-mallocr.o)
                0x20000278                __malloc_trim_threshold
 *fill*         0x2000027c        0x4 
 .data.__malloc_av_
                0x20000280      0x408 /usr/lib/gcc/arm-none-eabi/14.1.0/../../../../arm-none-eabi/lib/thumb/v7e-m/nofp/libc.a(libc_a-mallocr.o)
                0x20000280                __malloc_av_
 .data.__heap_limit
                0x20000688        0x4 /usr/lib/gcc/arm-none-eabi/14.1.0/../../../../arm-none-eabi/lib/thumb/v7e-m/nofp/librdimon.a(arm_librdimon_a-syscalls.o)
                0x20000688                __heap_limit
 .data.supports_ext_stdout_stderr
                0x2000068c        0x4 /usr/lib/gcc/arm-none-eabi/14.1.0/../../../../arm-none-eabi/lib/thumb/v7e-m/nofp/librdimon.a(arm_librdimon_a-syscalls.o)
 .data.supports_ext_exit_extended
                0x20000690        0x4 /usr/lib/gcc/arm-none-eabi/14.1.0/../../../../arm-none-eabi/lib/thumb/v7e-m/nofp/librdimon.a(arm_librdimon_a-syscalls.o)
                0x20000694                        . = ALIGN (0x4)
                0x20000694                        _edata = .

.init_array     0x20000694        0x4 load address 0x08003b40
 .init_array    0x20000694        0x4 /usr/lib/gcc/arm-none-eabi/14.1.0/thumb/v7e-m/nofp/crtbegin.o

.fini_array     0x20000698        0x4 load address 0x08003b44
 .fini_array    0x20000698        0x4 /usr/lib/gcc/arm-none-eabi/14.1.0/thumb/v7e-m/nofp/crtbegin.o

.tm_clone_table
                0x2000069c        0x0 load address 0x08003b48
 .tm_clone_table
                0x2000069c        0x0 /usr/lib/gcc/arm-none-eabi/14.1.0/thumb/v7e-m/nofp/crtbegin.o
 .tm_clone_table
                0x2000069c        0x0 /usr/lib/gcc/arm-none-eabi/14.1.0/thumb/v7e-m/nofp/crtend.o

.igot.plt       0x2000069c        0x0 load address 0x08003b48
 .igot.plt      0x2000069c        0x0 /usr/lib/gcc/arm-none-eabi/14.1.0/thumb/v7e-m/nofp/crtbegin.o

.init_array.00000
                0x2000069c        0x4 load address 0x08003b48
 .init_array.00000
                0x2000069c        0x4 /usr/lib/gcc/arm-none-eabi/14.1.0/../../../../arm-none-eabi/lib/thumb/v7e-m/nofp/libc.a(libc_a-__call_atexit.o)

.bss            0x200006a0      0x448 load address 0x08003b4c
                0x200006a0                        _sbss = .
                0x200006a0                        __bss_start__ = _sbss
 *(.bss)
 .bss           0x200006a0        0x0 /usr/lib/gcc/arm-none-eabi/14.1.0/thumb/v7e-m/nofp/crti.o
 .bss           0x200006a0       0x1c /usr/lib/gcc/arm-none-eabi/14.1.0/thumb/v7e-m/nofp/crtbegin.o
 .bss           0x200006bc        0x0 /usr/lib/gcc/arm-none-eabi/14.1.0/../../../../arm-none-eabi/lib/thumb/v7e-m/nofp/rdimon-crt0.o
 .bss           0x200006bc       0x54 main.o
                0x200006bc                g_tick_count
                0x200006c0                userTasks
 .bss           0x20000710        0x0 led.o
 .bss           0x20000710        0x0 stm32F401CC_startup.o
 .bss           0x20000710        0x0 /usr/lib/gcc/arm-none-eabi/14.1.0/../../../../arm-none-eabi/lib/thumb/v7e-m/nofp/libc.a(libc_a-atexit.o)
 .bss           0x20000710        0x0 /usr/lib/gcc/arm-none-eabi/14.1.0/../../../../arm-none-eabi/lib/thumb/v7e-m/nofp/libc.a(libc_a-exit.o)
 .bss           0x20000710        0x0 /usr/lib/gcc/arm-none-eabi/14.1.0/../../../../arm-none-eabi/lib/thumb/v7e-m/nofp/libc.a(libc_a-findfp.o)
 .bss           0x20000710        0x0 /usr/lib/gcc/arm-none-eabi/14.1.0/../../../../arm-none-eabi/lib/thumb/v7e-m/nofp/libc.a(libc_a-fwalk.o)
 .bss           0x20000710        0x0 /usr/lib/gcc/arm-none-eabi/14.1.0/../../../../arm-none-eabi/lib/thumb/v7e-m/nofp/libc.a(libc_a-puts.o)
 .bss           0x20000710        0x0 /usr/lib/gcc/arm-none-eabi/14.1.0/../../../../arm-none-eabi/lib/thumb/v7e-m/nofp/libc.a(libc_a-stdio.o)
 .bss           0x20000710        0x0 /usr/lib/gcc/arm-none-eabi/14.1.0/../../../../arm-none-eabi/lib/thumb/v7e-m/nofp/libc.a(libc_a-memset.o)
 .bss           0x20000710        0x0 /usr/lib/gcc/arm-none-eabi/14.1.0/../../../../arm-none-eabi/lib/thumb/v7e-m/nofp/libc.a(libc_a-closer.o)
 .bss           0x20000710        0x0 /usr/lib/gcc/arm-none-eabi/14.1.0/../../../../arm-none-eabi/lib/thumb/v7e-m/nofp/libc.a(libc_a-reent.o)
 .bss           0x20000710        0x0 /usr/lib/gcc/arm-none-eabi/14.1.0/../../../../arm-none-eabi/lib/thumb/v7e-m/nofp/libc.a(libc_a-impure.o)
 .bss           0x20000710        0x0 /usr/lib/gcc/arm-none-eabi/14.1.0/../../../../arm-none-eabi/lib/thumb/v7e-m/nofp/libc.a(libc_a-lseekr.o)
 .bss           0x20000710        0x0 /usr/lib/gcc/arm-none-eabi/14.1.0/../../../../arm-none-eabi/lib/thumb/v7e-m/nofp/libc.a(libc_a-readr.o)
 .bss           0x20000710        0x0 /usr/lib/gcc/arm-none-eabi/14.1.0/../../../../arm-none-eabi/lib/thumb/v7e-m/nofp/libc.a(libc_a-writer.o)
 .bss           0x20000710        0x0 /usr/lib/gcc/arm-none-eabi/14.1.0/../../../../arm-none-eabi/lib/thumb/v7e-m/nofp/libc.a(libc_a-init.o)
 .bss           0x20000710        0x0 /usr/lib/gcc/arm-none-eabi/14.1.0/../../../../arm-none-eabi/lib/thumb/v7e-m/nofp/libc.a(libc_a-fini.o)
 .bss           0x20000710        0x0 /usr/lib/gcc/arm-none-eabi/14.1.0/../../../../arm-none-eabi/lib/thumb/v7e-m/nofp/libc.a(libc_a-lock.o)
 .bss           0x20000710        0x0 /usr/lib/gcc/arm-none-eabi/14.1.0/../../../../arm-none-eabi/lib/thumb/v7e-m/nofp/libc.a(libc_a-strlen.o)
 .bss           0x20000710        0x0 /usr/lib/gcc/arm-none-eabi/14.1.0/../../../../arm-none-eabi/lib/thumb/v7e-m/nofp/libc.a(libc_a-__atexit.o)
 .bss           0x20000710        0x0 /usr/lib/gcc/arm-none-eabi/14.1.0/../../../../arm-none-eabi/lib/thumb/v7e-m/nofp/libc.a(libc_a-__call_atexit.o)
 .bss           0x20000710        0x0 /usr/lib/gcc/arm-none-eabi/14.1.0/../../../../arm-none-eabi/lib/thumb/v7e-m/nofp/libc.a(libc_a-freer.o)
 .bss           0x20000710        0x0 /usr/lib/gcc/arm-none-eabi/14.1.0/../../../../arm-none-eabi/lib/thumb/v7e-m/nofp/libc.a(libc_a-mallocr.o)
 .bss           0x20000710        0x0 /usr/lib/gcc/arm-none-eabi/14.1.0/../../../../arm-none-eabi/lib/thumb/v7e-m/nofp/libc.a(libc_a-mlock.o)
 .bss           0x20000710        0x0 /usr/lib/gcc/arm-none-eabi/14.1.0/../../../../arm-none-eabi/lib/thumb/v7e-m/nofp/libc.a(libc_a-fclose.o)
 .bss           0x20000710        0x0 /usr/lib/gcc/arm-none-eabi/14.1.0/../../../../arm-none-eabi/lib/thumb/v7e-m/nofp/libc.a(libc_a-fflush.o)
 .bss           0x20000710        0x0 /usr/lib/gcc/arm-none-eabi/14.1.0/../../../../arm-none-eabi/lib/thumb/v7e-m/nofp/libc.a(libc_a-fvwrite.o)
 .bss           0x20000710        0x0 /usr/lib/gcc/arm-none-eabi/14.1.0/../../../../arm-none-eabi/lib/thumb/v7e-m/nofp/libc.a(libc_a-wsetup.o)
 .bss           0x20000710        0x0 /usr/lib/gcc/arm-none-eabi/14.1.0/../../../../arm-none-eabi/lib/thumb/v7e-m/nofp/libc.a(libc_a-memmove.o)
 .bss           0x20000710        0x0 /usr/lib/gcc/arm-none-eabi/14.1.0/../../../../arm-none-eabi/lib/thumb/v7e-m/nofp/libc.a(libc_a-sbrkr.o)
 .bss           0x20000710        0x0 /usr/lib/gcc/arm-none-eabi/14.1.0/../../../../arm-none-eabi/lib/thumb/v7e-m/nofp/libc.a(libc_a-sysconf.o)
 .bss           0x20000710        0x0 /usr/lib/gcc/arm-none-eabi/14.1.0/../../../../arm-none-eabi/lib/thumb/v7e-m/nofp/libc.a(libc_a-memchr.o)
 .bss           0x20000710        0x0 /usr/lib/gcc/arm-none-eabi/14.1.0/../../../../arm-none-eabi/lib/thumb/v7e-m/nofp/libc.a(libc_a-memcpy.o)
 .bss           0x20000710        0x0 /usr/lib/gcc/arm-none-eabi/14.1.0/../../../../arm-none-eabi/lib/thumb/v7e-m/nofp/libc.a(libc_a-reallocr.o)
 .bss           0x20000710        0x0 /usr/lib/gcc/arm-none-eabi/14.1.0/../../../../arm-none-eabi/lib/thumb/v7e-m/nofp/libc.a(libc_a-makebuf.o)
 .bss           0x20000710        0x0 /usr/lib/gcc/arm-none-eabi/14.1.0/../../../../arm-none-eabi/lib/thumb/v7e-m/nofp/libc.a(libc_a-fstatr.o)
 .bss           0x20000710        0x0 /usr/lib/gcc/arm-none-eabi/14.1.0/../../../../arm-none-eabi/lib/thumb/v7e-m/nofp/libc.a(libc_a-isattyr.o)
 .bss           0x20000710        0x0 /usr/lib/gcc/arm-none-eabi/14.1.0/../../../../arm-none-eabi/lib/thumb/v7e-m/nofp/libc.a(libc_a-errno.o)
 .bss           0x20000710        0x0 /usr/lib/gcc/arm-none-eabi/14.1.0/../../../../arm-none-eabi/lib/thumb/v7e-m/nofp/librdimon.a(arm_librdimon_a-_exit.o)
 .bss           0x20000710        0x0 /usr/lib/gcc/arm-none-eabi/14.1.0/../../../../arm-none-eabi/lib/thumb/v7e-m/nofp/librdimon.a(arm_librdimon_a-_kill.o)
 .bss           0x20000710        0x0 /usr/lib/gcc/arm-none-eabi/14.1.0/../../../../arm-none-eabi/lib/thumb/v7e-m/nofp/librdimon.a(arm_librdimon_a-syscalls.o)
 .bss           0x20000710        0x0 /usr/lib/gcc/arm-none-eabi/14.1.0/thumb/v7e-m/nofp/crtend.o
 .bss           0x20000710        0x0 /usr/lib/gcc/arm-none-eabi/14.1.0/thumb/v7e-m/nofp/crtn.o
 *(.bss.*)
 .bss.__sf      0x20000710      0x138 /usr/lib/gcc/arm-none-eabi/14.1.0/../../../../arm-none-eabi/lib/thumb/v7e-m/nofp/libc.a(libc_a-findfp.o)
                0x20000710                __sf
 .bss.__stdio_exit_handler
                0x20000848        0x4 /usr/lib/gcc/arm-none-eabi/14.1.0/../../../../arm-none-eabi/lib/thumb/v7e-m/nofp/libc.a(libc_a-findfp.o)
                0x20000848                __stdio_exit_handler
 .bss.errno     0x2000084c        0x4 /usr/lib/gcc/arm-none-eabi/14.1.0/../../../../arm-none-eabi/lib/thumb/v7e-m/nofp/libc.a(libc_a-reent.o)
                0x2000084c                errno
 .bss.__lock___arc4random_mutex
                0x20000850        0x1 /usr/lib/gcc/arm-none-eabi/14.1.0/../../../../arm-none-eabi/lib/thumb/v7e-m/nofp/libc.a(libc_a-lock.o)
                0x20000850                __lock___arc4random_mutex
 *fill*         0x20000851        0x3 
 .bss.__lock___dd_hash_mutex
                0x20000854        0x1 /usr/lib/gcc/arm-none-eabi/14.1.0/../../../../arm-none-eabi/lib/thumb/v7e-m/nofp/libc.a(libc_a-lock.o)
                0x20000854                __lock___dd_hash_mutex
 *fill*         0x20000855        0x3 
 .bss.__lock___tz_mutex
                0x20000858        0x1 /usr/lib/gcc/arm-none-eabi/14.1.0/../../../../arm-none-eabi/lib/thumb/v7e-m/nofp/libc.a(libc_a-lock.o)
                0x20000858                __lock___tz_mutex
 *fill*         0x20000859        0x3 
 .bss.__lock___env_recursive_mutex
                0x2000085c        0x1 /usr/lib/gcc/arm-none-eabi/14.1.0/../../../../arm-none-eabi/lib/thumb/v7e-m/nofp/libc.a(libc_a-lock.o)
                0x2000085c                __lock___env_recursive_mutex
 *fill*         0x2000085d        0x3 
 .bss.__lock___malloc_recursive_mutex
                0x20000860        0x1 /usr/lib/gcc/arm-none-eabi/14.1.0/../../../../arm-none-eabi/lib/thumb/v7e-m/nofp/libc.a(libc_a-lock.o)
                0x20000860                __lock___malloc_recursive_mutex
 *fill*         0x20000861        0x3 
 .bss.__lock___at_quick_exit_mutex
                0x20000864        0x1 /usr/lib/gcc/arm-none-eabi/14.1.0/../../../../arm-none-eabi/lib/thumb/v7e-m/nofp/libc.a(libc_a-lock.o)
                0x20000864                __lock___at_quick_exit_mutex
 *fill*         0x20000865        0x3 
 .bss.__lock___atexit_recursive_mutex
                0x20000868        0x1 /usr/lib/gcc/arm-none-eabi/14.1.0/../../../../arm-none-eabi/lib/thumb/v7e-m/nofp/libc.a(libc_a-lock.o)
                0x20000868                __lock___atexit_recursive_mutex
 *fill*         0x20000869        0x3 
 .bss.__lock___sfp_recursive_mutex
                0x2000086c        0x1 /usr/lib/gcc/arm-none-eabi/14.1.0/../../../../arm-none-eabi/lib/thumb/v7e-m/nofp/libc.a(libc_a-lock.o)
                0x2000086c                __lock___sfp_recursive_mutex
 *fill*         0x2000086d        0x3 
 .bss.__atexit0
                0x20000870      0x190 /usr/lib/gcc/arm-none-eabi/14.1.0/../../../../arm-none-eabi/lib/thumb/v7e-m/nofp/libc.a(libc_a-__atexit.o)
                0x20000870                __atexit0
 .bss.__atexit  0x20000a00        0x4 /usr/lib/gcc/arm-none-eabi/14.1.0/../../../../arm-none-eabi/lib/thumb/v7e-m/nofp/libc.a(libc_a-__call_atexit.o)
                0x20000a00                __atexit
 .bss.__malloc_current_mallinfo
                0x20000a04       0x28 /usr/lib/gcc/arm-none-eabi/14.1.0/../../../../arm-none-eabi/lib/thumb/v7e-m/nofp/libc.a(libc_a-mallocr.o)
                0x20000a04                __malloc_current_mallinfo
 .bss.__malloc_max_total_mem
                0x20000a2c        0x4 /usr/lib/gcc/arm-none-eabi/14.1.0/../../../../arm-none-eabi/lib/thumb/v7e-m/nofp/libc.a(libc_a-mallocr.o)
                0x20000a2c                __malloc_max_total_mem
 .bss.__malloc_max_sbrked_mem
                0x20000a30        0x4 /usr/lib/gcc/arm-none-eabi/14.1.0/../../../../arm-none-eabi/lib/thumb/v7e-m/nofp/libc.a(libc_a-mallocr.o)
                0x20000a30                __malloc_max_sbrked_mem
 .bss.__malloc_top_pad
                0x20000a34        0x4 /usr/lib/gcc/arm-none-eabi/14.1.0/../../../../arm-none-eabi/lib/thumb/v7e-m/nofp/libc.a(libc_a-mallocr.o)
                0x20000a34                __malloc_top_pad
 .bss.heap_end.0
                0x20000a38        0x4 /usr/lib/gcc/arm-none-eabi/14.1.0/../../../../arm-none-eabi/lib/thumb/v7e-m/nofp/librdimon.a(arm_librdimon_a-syscalls.o)
 .bss.monitor_stderr
                0x20000a3c        0x4 /usr/lib/gcc/arm-none-eabi/14.1.0/../../../../arm-none-eabi/lib/thumb/v7e-m/nofp/librdimon.a(arm_librdimon_a-syscalls.o)
 .bss.monitor_stdout
                0x20000a40        0x4 /usr/lib/gcc/arm-none-eabi/14.1.0/../../../../arm-none-eabi/lib/thumb/v7e-m/nofp/librdimon.a(arm_librdimon_a-syscalls.o)
 .bss.monitor_stdin
                0x20000a44        0x4 /usr/lib/gcc/arm-none-eabi/14.1.0/../../../../arm-none-eabi/lib/thumb/v7e-m/nofp/librdimon.a(arm_librdimon_a-syscalls.o)
 .bss.openfiles
                0x20000a48       0xa0 /usr/lib/gcc/arm-none-eabi/14.1.0/../../../../arm-none-eabi/lib/thumb/v7e-m/nofp/librdimon.a(arm_librdimon_a-syscalls.o)
 *(COMMON)
                0x20000ae8                        . = ALIGN (0x4)
                0x20000ae8                        _ebss = .
                0x20000ae8                        __bss_end__ = _ebss
                0x20000ae8                        end = .
                0x20000ae8                        __end__ = .
OUTPUT(final_sh.elf elf32-littlearm)
LOAD linker stubs

.ARM.attributes
                0x00000000       0x2a
 .ARM.attributes
                0x00000000       0x1e /usr/lib/gcc/arm-none-eabi/14.1.0/thumb/v7e-m/nofp/crti.o
 .ARM.attributes
                0x0000001e       0x2e /usr/lib/gcc/arm-none-eabi/14.1.0/thumb/v7e-m/nofp/crtbegin.o
 .ARM.attributes
                0x0000004c       0x1c /usr/lib/gcc/arm-none-eabi/14.1.0/../../../../arm-none-eabi/lib/thumb/v7e-m/nofp/rdimon-crt0.o
 .ARM.attributes
                0x00000068       0x2e main.o
 .ARM.attributes
                0x00000096       0x2e led.o
 .ARM.attributes
                0x000000c4       0x2e stm32F401CC_startup.o
 .ARM.attributes
                0x000000f2       0x2e /usr/lib/gcc/arm-none-eabi/14.1.0/../../../../arm-none-eabi/lib/thumb/v7e-m/nofp/libc.a(libc_a-atexit.o)
 .ARM.attributes
                0x00000120       0x2e /usr/lib/gcc/arm-none-eabi/14.1.0/../../../../arm-none-eabi/lib/thumb/v7e-m/nofp/libc.a(libc_a-exit.o)
 .ARM.attributes
                0x0000014e       0x2e /usr/lib/gcc/arm-none-eabi/14.1.0/../../../../arm-none-eabi/lib/thumb/v7e-m/nofp/libc.a(libc_a-findfp.o)
 .ARM.attributes
                0x0000017c       0x2e /usr/lib/gcc/arm-none-eabi/14.1.0/../../../../arm-none-eabi/lib/thumb/v7e-m/nofp/libc.a(libc_a-fwalk.o)
 .ARM.attributes
                0x000001aa       0x2e /usr/lib/gcc/arm-none-eabi/14.1.0/../../../../arm-none-eabi/lib/thumb/v7e-m/nofp/libc.a(libc_a-puts.o)
 .ARM.attributes
                0x000001d8       0x2e /usr/lib/gcc/arm-none-eabi/14.1.0/../../../../arm-none-eabi/lib/thumb/v7e-m/nofp/libc.a(libc_a-stdio.o)
 .ARM.attributes
                0x00000206       0x2e /usr/lib/gcc/arm-none-eabi/14.1.0/../../../../arm-none-eabi/lib/thumb/v7e-m/nofp/libc.a(libc_a-memset.o)
 .ARM.attributes
                0x00000234       0x2e /usr/lib/gcc/arm-none-eabi/14.1.0/../../../../arm-none-eabi/lib/thumb/v7e-m/nofp/libc.a(libc_a-closer.o)
 .ARM.attributes
                0x00000262       0x2e /usr/lib/gcc/arm-none-eabi/14.1.0/../../../../arm-none-eabi/lib/thumb/v7e-m/nofp/libc.a(libc_a-reent.o)
 .ARM.attributes
                0x00000290       0x2e /usr/lib/gcc/arm-none-eabi/14.1.0/../../../../arm-none-eabi/lib/thumb/v7e-m/nofp/libc.a(libc_a-impure.o)
 .ARM.attributes
                0x000002be       0x2e /usr/lib/gcc/arm-none-eabi/14.1.0/../../../../arm-none-eabi/lib/thumb/v7e-m/nofp/libc.a(libc_a-lseekr.o)
 .ARM.attributes
                0x000002ec       0x2e /usr/lib/gcc/arm-none-eabi/14.1.0/../../../../arm-none-eabi/lib/thumb/v7e-m/nofp/libc.a(libc_a-readr.o)
 .ARM.attributes
                0x0000031a       0x2e /usr/lib/gcc/arm-none-eabi/14.1.0/../../../../arm-none-eabi/lib/thumb/v7e-m/nofp/libc.a(libc_a-writer.o)
 .ARM.attributes
                0x00000348       0x2e /usr/lib/gcc/arm-none-eabi/14.1.0/../../../../arm-none-eabi/lib/thumb/v7e-m/nofp/libc.a(libc_a-init.o)
 .ARM.attributes
                0x00000376       0x2e /usr/lib/gcc/arm-none-eabi/14.1.0/../../../../arm-none-eabi/lib/thumb/v7e-m/nofp/libc.a(libc_a-fini.o)
 .ARM.attributes
                0x000003a4       0x2e /usr/lib/gcc/arm-none-eabi/14.1.0/../../../../arm-none-eabi/lib/thumb/v7e-m/nofp/libc.a(libc_a-lock.o)
 .ARM.attributes
                0x000003d2       0x1c /usr/lib/gcc/arm-none-eabi/14.1.0/../../../../arm-none-eabi/lib/thumb/v7e-m/nofp/libc.a(libc_a-strlen.o)
 .ARM.attributes
                0x000003ee       0x2e /usr/lib/gcc/arm-none-eabi/14.1.0/../../../../arm-none-eabi/lib/thumb/v7e-m/nofp/libc.a(libc_a-__atexit.o)
 .ARM.attributes
                0x0000041c       0x2e /usr/lib/gcc/arm-none-eabi/14.1.0/../../../../arm-none-eabi/lib/thumb/v7e-m/nofp/libc.a(libc_a-__call_atexit.o)
 .ARM.attributes
                0x0000044a       0x2e /usr/lib/gcc/arm-none-eabi/14.1.0/../../../../arm-none-eabi/lib/thumb/v7e-m/nofp/libc.a(libc_a-freer.o)
 .ARM.attributes
                0x00000478       0x2e /usr/lib/gcc/arm-none-eabi/14.1.0/../../../../arm-none-eabi/lib/thumb/v7e-m/nofp/libc.a(libc_a-mallocr.o)
 .ARM.attributes
                0x000004a6       0x2e /usr/lib/gcc/arm-none-eabi/14.1.0/../../../../arm-none-eabi/lib/thumb/v7e-m/nofp/libc.a(libc_a-mlock.o)
 .ARM.attributes
                0x000004d4       0x2e /usr/lib/gcc/arm-none-eabi/14.1.0/../../../../arm-none-eabi/lib/thumb/v7e-m/nofp/libc.a(libc_a-fclose.o)
 .ARM.attributes
                0x00000502       0x2e /usr/lib/gcc/arm-none-eabi/14.1.0/../../../../arm-none-eabi/lib/thumb/v7e-m/nofp/libc.a(libc_a-fflush.o)
 .ARM.attributes
                0x00000530       0x2e /usr/lib/gcc/arm-none-eabi/14.1.0/../../../../arm-none-eabi/lib/thumb/v7e-m/nofp/libc.a(libc_a-fvwrite.o)
 .ARM.attributes
                0x0000055e       0x2e /usr/lib/gcc/arm-none-eabi/14.1.0/../../../../arm-none-eabi/lib/thumb/v7e-m/nofp/libc.a(libc_a-wsetup.o)
 .ARM.attributes
                0x0000058c       0x2e /usr/lib/gcc/arm-none-eabi/14.1.0/../../../../arm-none-eabi/lib/thumb/v7e-m/nofp/libc.a(libc_a-memmove.o)
 .ARM.attributes
                0x000005ba       0x2e /usr/lib/gcc/arm-none-eabi/14.1.0/../../../../arm-none-eabi/lib/thumb/v7e-m/nofp/libc.a(libc_a-sbrkr.o)
 .ARM.attributes
                0x000005e8       0x2e /usr/lib/gcc/arm-none-eabi/14.1.0/../../../../arm-none-eabi/lib/thumb/v7e-m/nofp/libc.a(libc_a-sysconf.o)
 .ARM.attributes
                0x00000616       0x1c /usr/lib/gcc/arm-none-eabi/14.1.0/../../../../arm-none-eabi/lib/thumb/v7e-m/nofp/libc.a(libc_a-memchr.o)
 .ARM.attributes
                0x00000632       0x1c /usr/lib/gcc/arm-none-eabi/14.1.0/../../../../arm-none-eabi/lib/thumb/v7e-m/nofp/libc.a(libc_a-memcpy.o)
 .ARM.attributes
                0x0000064e       0x2e /usr/lib/gcc/arm-none-eabi/14.1.0/../../../../arm-none-eabi/lib/thumb/v7e-m/nofp/libc.a(libc_a-reallocr.o)
 .ARM.attributes
                0x0000067c       0x2e /usr/lib/gcc/arm-none-eabi/14.1.0/../../../../arm-none-eabi/lib/thumb/v7e-m/nofp/libc.a(libc_a-makebuf.o)
 .ARM.attributes
                0x000006aa       0x2e /usr/lib/gcc/arm-none-eabi/14.1.0/../../../../arm-none-eabi/lib/thumb/v7e-m/nofp/libc.a(libc_a-fstatr.o)
 .ARM.attributes
                0x000006d8       0x2e /usr/lib/gcc/arm-none-eabi/14.1.0/../../../../arm-none-eabi/lib/thumb/v7e-m/nofp/libc.a(libc_a-isattyr.o)
 .ARM.attributes
                0x00000706       0x2e /usr/lib/gcc/arm-none-eabi/14.1.0/../../../../arm-none-eabi/lib/thumb/v7e-m/nofp/libc.a(libc_a-errno.o)
 .ARM.attributes
                0x00000734       0x2e /usr/lib/gcc/arm-none-eabi/14.1.0/../../../../arm-none-eabi/lib/thumb/v7e-m/nofp/librdimon.a(arm_librdimon_a-_exit.o)
 .ARM.attributes
                0x00000762       0x2e /usr/lib/gcc/arm-none-eabi/14.1.0/../../../../arm-none-eabi/lib/thumb/v7e-m/nofp/librdimon.a(arm_librdimon_a-_kill.o)
 .ARM.attributes
                0x00000790       0x2e /usr/lib/gcc/arm-none-eabi/14.1.0/../../../../arm-none-eabi/lib/thumb/v7e-m/nofp/librdimon.a(arm_librdimon_a-syscalls.o)
 .ARM.attributes
                0x000007be       0x2e /usr/lib/gcc/arm-none-eabi/14.1.0/thumb/v7e-m/nofp/crtend.o
 .ARM.attributes
                0x000007ec       0x1e /usr/lib/gcc/arm-none-eabi/14.1.0/thumb/v7e-m/nofp/crtn.o

.comment        0x00000000       0x46
 .comment       0x00000000       0x46 /usr/lib/gcc/arm-none-eabi/14.1.0/thumb/v7e-m/nofp/crtbegin.o
                                 0x24 (size before relaxing)
 .comment       0x00000046       0x24 main.o
 .comment       0x00000046       0x24 led.o
 .comment       0x00000046       0x24 stm32F401CC_startup.o
 .comment       0x00000046       0x24 /usr/lib/gcc/arm-none-eabi/14.1.0/../../../../arm-none-eabi/lib/thumb/v7e-m/nofp/libc.a(libc_a-atexit.o)
 .comment       0x00000046       0x24 /usr/lib/gcc/arm-none-eabi/14.1.0/../../../../arm-none-eabi/lib/thumb/v7e-m/nofp/libc.a(libc_a-exit.o)
 .comment       0x00000046       0x24 /usr/lib/gcc/arm-none-eabi/14.1.0/../../../../arm-none-eabi/lib/thumb/v7e-m/nofp/libc.a(libc_a-findfp.o)
 .comment       0x00000046       0x24 /usr/lib/gcc/arm-none-eabi/14.1.0/../../../../arm-none-eabi/lib/thumb/v7e-m/nofp/libc.a(libc_a-fwalk.o)
 .comment       0x00000046       0x24 /usr/lib/gcc/arm-none-eabi/14.1.0/../../../../arm-none-eabi/lib/thumb/v7e-m/nofp/libc.a(libc_a-puts.o)
 .comment       0x00000046       0x24 /usr/lib/gcc/arm-none-eabi/14.1.0/../../../../arm-none-eabi/lib/thumb/v7e-m/nofp/libc.a(libc_a-stdio.o)
 .comment       0x00000046       0x24 /usr/lib/gcc/arm-none-eabi/14.1.0/../../../../arm-none-eabi/lib/thumb/v7e-m/nofp/libc.a(libc_a-memset.o)
 .comment       0x00000046       0x24 /usr/lib/gcc/arm-none-eabi/14.1.0/../../../../arm-none-eabi/lib/thumb/v7e-m/nofp/libc.a(libc_a-closer.o)
 .comment       0x00000046       0x24 /usr/lib/gcc/arm-none-eabi/14.1.0/../../../../arm-none-eabi/lib/thumb/v7e-m/nofp/libc.a(libc_a-reent.o)
 .comment       0x00000046       0x24 /usr/lib/gcc/arm-none-eabi/14.1.0/../../../../arm-none-eabi/lib/thumb/v7e-m/nofp/libc.a(libc_a-impure.o)
 .comment       0x00000046       0x24 /usr/lib/gcc/arm-none-eabi/14.1.0/../../../../arm-none-eabi/lib/thumb/v7e-m/nofp/libc.a(libc_a-lseekr.o)
 .comment       0x00000046       0x24 /usr/lib/gcc/arm-none-eabi/14.1.0/../../../../arm-none-eabi/lib/thumb/v7e-m/nofp/libc.a(libc_a-readr.o)
 .comment       0x00000046       0x24 /usr/lib/gcc/arm-none-eabi/14.1.0/../../../../arm-none-eabi/lib/thumb/v7e-m/nofp/libc.a(libc_a-writer.o)
 .comment       0x00000046       0x24 /usr/lib/gcc/arm-none-eabi/14.1.0/../../../../arm-none-eabi/lib/thumb/v7e-m/nofp/libc.a(libc_a-init.o)
 .comment       0x00000046       0x24 /usr/lib/gcc/arm-none-eabi/14.1.0/../../../../arm-none-eabi/lib/thumb/v7e-m/nofp/libc.a(libc_a-fini.o)
 .comment       0x00000046       0x24 /usr/lib/gcc/arm-none-eabi/14.1.0/../../../../arm-none-eabi/lib/thumb/v7e-m/nofp/libc.a(libc_a-lock.o)
 .comment       0x00000046       0x24 /usr/lib/gcc/arm-none-eabi/14.1.0/../../../../arm-none-eabi/lib/thumb/v7e-m/nofp/libc.a(libc_a-__atexit.o)
 .comment       0x00000046       0x24 /usr/lib/gcc/arm-none-eabi/14.1.0/../../../../arm-none-eabi/lib/thumb/v7e-m/nofp/libc.a(libc_a-__call_atexit.o)
 .comment       0x00000046       0x24 /usr/lib/gcc/arm-none-eabi/14.1.0/../../../../arm-none-eabi/lib/thumb/v7e-m/nofp/libc.a(libc_a-freer.o)
 .comment       0x00000046       0x24 /usr/lib/gcc/arm-none-eabi/14.1.0/../../../../arm-none-eabi/lib/thumb/v7e-m/nofp/libc.a(libc_a-mallocr.o)
 .comment       0x00000046       0x24 /usr/lib/gcc/arm-none-eabi/14.1.0/../../../../arm-none-eabi/lib/thumb/v7e-m/nofp/libc.a(libc_a-mlock.o)
 .comment       0x00000046       0x24 /usr/lib/gcc/arm-none-eabi/14.1.0/../../../../arm-none-eabi/lib/thumb/v7e-m/nofp/libc.a(libc_a-fclose.o)
 .comment       0x00000046       0x24 /usr/lib/gcc/arm-none-eabi/14.1.0/../../../../arm-none-eabi/lib/thumb/v7e-m/nofp/libc.a(libc_a-fflush.o)
 .comment       0x00000046       0x24 /usr/lib/gcc/arm-none-eabi/14.1.0/../../../../arm-none-eabi/lib/thumb/v7e-m/nofp/libc.a(libc_a-fvwrite.o)
 .comment       0x00000046       0x24 /usr/lib/gcc/arm-none-eabi/14.1.0/../../../../arm-none-eabi/lib/thumb/v7e-m/nofp/libc.a(libc_a-wsetup.o)
 .comment       0x00000046       0x24 /usr/lib/gcc/arm-none-eabi/14.1.0/../../../../arm-none-eabi/lib/thumb/v7e-m/nofp/libc.a(libc_a-memmove.o)
 .comment       0x00000046       0x24 /usr/lib/gcc/arm-none-eabi/14.1.0/../../../../arm-none-eabi/lib/thumb/v7e-m/nofp/libc.a(libc_a-sbrkr.o)
 .comment       0x00000046       0x24 /usr/lib/gcc/arm-none-eabi/14.1.0/../../../../arm-none-eabi/lib/thumb/v7e-m/nofp/libc.a(libc_a-sysconf.o)
 .comment       0x00000046       0x24 /usr/lib/gcc/arm-none-eabi/14.1.0/../../../../arm-none-eabi/lib/thumb/v7e-m/nofp/libc.a(libc_a-reallocr.o)
 .comment       0x00000046       0x24 /usr/lib/gcc/arm-none-eabi/14.1.0/../../../../arm-none-eabi/lib/thumb/v7e-m/nofp/libc.a(libc_a-makebuf.o)
 .comment       0x00000046       0x24 /usr/lib/gcc/arm-none-eabi/14.1.0/../../../../arm-none-eabi/lib/thumb/v7e-m/nofp/libc.a(libc_a-fstatr.o)
 .comment       0x00000046       0x24 /usr/lib/gcc/arm-none-eabi/14.1.0/../../../../arm-none-eabi/lib/thumb/v7e-m/nofp/libc.a(libc_a-isattyr.o)
 .comment       0x00000046       0x24 /usr/lib/gcc/arm-none-eabi/14.1.0/../../../../arm-none-eabi/lib/thumb/v7e-m/nofp/libc.a(libc_a-errno.o)
 .comment       0x00000046       0x24 /usr/lib/gcc/arm-none-eabi/14.1.0/../../../../arm-none-eabi/lib/thumb/v7e-m/nofp/librdimon.a(arm_librdimon_a-_exit.o)
 .comment       0x00000046       0x24 /usr/lib/gcc/arm-none-eabi/14.1.0/../../../../arm-none-eabi/lib/thumb/v7e-m/nofp/librdimon.a(arm_librdimon_a-_kill.o)
 .comment       0x00000046       0x24 /usr/lib/gcc/arm-none-eabi/14.1.0/../../../../arm-none-eabi/lib/thumb/v7e-m/nofp/librdimon.a(arm_librdimon_a-syscalls.o)
 .comment       0x00000046       0x24 /usr/lib/gcc/arm-none-eabi/14.1.0/thumb/v7e-m/nofp/crtend.o

.debug_line     0x00000000     0x7b64
 .debug_line    0x00000000       0xbe /usr/lib/gcc/arm-none-eabi/14.1.0/../../../../arm-none-eabi/lib/thumb/v7e-m/nofp/rdimon-crt0.o
 .debug_line    0x000000be       0xee /usr/lib/gcc/arm-none-eabi/14.1.0/../../../../arm-none-eabi/lib/thumb/v7e-m/nofp/libc.a(libc_a-atexit.o)
 .debug_line    0x000001ac      0x18f /usr/lib/gcc/arm-none-eabi/14.1.0/../../../../arm-none-eabi/lib/thumb/v7e-m/nofp/libc.a(libc_a-exit.o)
 .debug_line    0x0000033b      0x6f6 /usr/lib/gcc/arm-none-eabi/14.1.0/../../../../arm-none-eabi/lib/thumb/v7e-m/nofp/libc.a(libc_a-findfp.o)
 .debug_line    0x00000a31      0x227 /usr/lib/gcc/arm-none-eabi/14.1.0/../../../../arm-none-eabi/lib/thumb/v7e-m/nofp/libc.a(libc_a-fwalk.o)
 .debug_line    0x00000c58      0x2fd /usr/lib/gcc/arm-none-eabi/14.1.0/../../../../arm-none-eabi/lib/thumb/v7e-m/nofp/libc.a(libc_a-puts.o)
 .debug_line    0x00000f55      0x2a9 /usr/lib/gcc/arm-none-eabi/14.1.0/../../../../arm-none-eabi/lib/thumb/v7e-m/nofp/libc.a(libc_a-stdio.o)
 .debug_line    0x000011fe      0x1d0 /usr/lib/gcc/arm-none-eabi/14.1.0/../../../../arm-none-eabi/lib/thumb/v7e-m/nofp/libc.a(libc_a-memset.o)
 .debug_line    0x000013ce      0x1e9 /usr/lib/gcc/arm-none-eabi/14.1.0/../../../../arm-none-eabi/lib/thumb/v7e-m/nofp/libc.a(libc_a-closer.o)
 .debug_line    0x000015b7      0x246 /usr/lib/gcc/arm-none-eabi/14.1.0/../../../../arm-none-eabi/lib/thumb/v7e-m/nofp/libc.a(libc_a-reent.o)
 .debug_line    0x000017fd      0x112 /usr/lib/gcc/arm-none-eabi/14.1.0/../../../../arm-none-eabi/lib/thumb/v7e-m/nofp/libc.a(libc_a-impure.o)
 .debug_line    0x0000190f      0x1ef /usr/lib/gcc/arm-none-eabi/14.1.0/../../../../arm-none-eabi/lib/thumb/v7e-m/nofp/libc.a(libc_a-lseekr.o)
 .debug_line    0x00001afe      0x1ee /usr/lib/gcc/arm-none-eabi/14.1.0/../../../../arm-none-eabi/lib/thumb/v7e-m/nofp/libc.a(libc_a-readr.o)
 .debug_line    0x00001cec      0x1ef /usr/lib/gcc/arm-none-eabi/14.1.0/../../../../arm-none-eabi/lib/thumb/v7e-m/nofp/libc.a(libc_a-writer.o)
 .debug_line    0x00001edb      0x11e /usr/lib/gcc/arm-none-eabi/14.1.0/../../../../arm-none-eabi/lib/thumb/v7e-m/nofp/libc.a(libc_a-init.o)
 .debug_line    0x00001ff9       0xd2 /usr/lib/gcc/arm-none-eabi/14.1.0/../../../../arm-none-eabi/lib/thumb/v7e-m/nofp/libc.a(libc_a-fini.o)
 .debug_line    0x000020cb      0x187 /usr/lib/gcc/arm-none-eabi/14.1.0/../../../../arm-none-eabi/lib/thumb/v7e-m/nofp/libc.a(libc_a-lock.o)
 .debug_line    0x00002252       0x86 /usr/lib/gcc/arm-none-eabi/14.1.0/../../../../arm-none-eabi/lib/thumb/v7e-m/nofp/libc.a(libc_a-strlen.o)
 .debug_line    0x000022d8      0x1a0 /usr/lib/gcc/arm-none-eabi/14.1.0/../../../../arm-none-eabi/lib/thumb/v7e-m/nofp/libc.a(libc_a-__atexit.o)
 .debug_line    0x00002478      0x2e0 /usr/lib/gcc/arm-none-eabi/14.1.0/../../../../arm-none-eabi/lib/thumb/v7e-m/nofp/libc.a(libc_a-__call_atexit.o)
 .debug_line    0x00002758      0x5ae /usr/lib/gcc/arm-none-eabi/14.1.0/../../../../arm-none-eabi/lib/thumb/v7e-m/nofp/libc.a(libc_a-freer.o)
 .debug_line    0x00002d06      0x93d /usr/lib/gcc/arm-none-eabi/14.1.0/../../../../arm-none-eabi/lib/thumb/v7e-m/nofp/libc.a(libc_a-mallocr.o)
 .debug_line    0x00003643      0x1b4 /usr/lib/gcc/arm-none-eabi/14.1.0/../../../../arm-none-eabi/lib/thumb/v7e-m/nofp/libc.a(libc_a-mlock.o)
 .debug_line    0x000037f7      0x2eb /usr/lib/gcc/arm-none-eabi/14.1.0/../../../../arm-none-eabi/lib/thumb/v7e-m/nofp/libc.a(libc_a-fclose.o)
 .debug_line    0x00003ae2      0x508 /usr/lib/gcc/arm-none-eabi/14.1.0/../../../../arm-none-eabi/lib/thumb/v7e-m/nofp/libc.a(libc_a-fflush.o)
 .debug_line    0x00003fea      0x5f8 /usr/lib/gcc/arm-none-eabi/14.1.0/../../../../arm-none-eabi/lib/thumb/v7e-m/nofp/libc.a(libc_a-fvwrite.o)
 .debug_line    0x000045e2      0x37b /usr/lib/gcc/arm-none-eabi/14.1.0/../../../../arm-none-eabi/lib/thumb/v7e-m/nofp/libc.a(libc_a-wsetup.o)
 .debug_line    0x0000495d      0x239 /usr/lib/gcc/arm-none-eabi/14.1.0/../../../../arm-none-eabi/lib/thumb/v7e-m/nofp/libc.a(libc_a-memmove.o)
 .debug_line    0x00004b96      0x1e9 /usr/lib/gcc/arm-none-eabi/14.1.0/../../../../arm-none-eabi/lib/thumb/v7e-m/nofp/libc.a(libc_a-sbrkr.o)
 .debug_line    0x00004d7f      0x111 /usr/lib/gcc/arm-none-eabi/14.1.0/../../../../arm-none-eabi/lib/thumb/v7e-m/nofp/libc.a(libc_a-sysconf.o)
 .debug_line    0x00004e90       0x84 /usr/lib/gcc/arm-none-eabi/14.1.0/../../../../arm-none-eabi/lib/thumb/v7e-m/nofp/libc.a(libc_a-memchr.o)
 .debug_line    0x00004f14       0xb9 /usr/lib/gcc/arm-none-eabi/14.1.0/../../../../arm-none-eabi/lib/thumb/v7e-m/nofp/libc.a(libc_a-memcpy.o)
 .debug_line    0x00004fcd      0x6a1 /usr/lib/gcc/arm-none-eabi/14.1.0/../../../../arm-none-eabi/lib/thumb/v7e-m/nofp/libc.a(libc_a-reallocr.o)
 .debug_line    0x0000566e      0x459 /usr/lib/gcc/arm-none-eabi/14.1.0/../../../../arm-none-eabi/lib/thumb/v7e-m/nofp/libc.a(libc_a-makebuf.o)
 .debug_line    0x00005ac7      0x29d /usr/lib/gcc/arm-none-eabi/14.1.0/../../../../arm-none-eabi/lib/thumb/v7e-m/nofp/libc.a(libc_a-fstatr.o)
 .debug_line    0x00005d64      0x1ea /usr/lib/gcc/arm-none-eabi/14.1.0/../../../../arm-none-eabi/lib/thumb/v7e-m/nofp/libc.a(libc_a-isattyr.o)
 .debug_line    0x00005f4e      0x137 /usr/lib/gcc/arm-none-eabi/14.1.0/../../../../arm-none-eabi/lib/thumb/v7e-m/nofp/libc.a(libc_a-errno.o)
 .debug_line    0x00006085       0x64 /usr/lib/gcc/arm-none-eabi/14.1.0/../../../../arm-none-eabi/lib/thumb/v7e-m/nofp/librdimon.a(arm_librdimon_a-_exit.o)
 .debug_line    0x000060e9       0xe9 /usr/lib/gcc/arm-none-eabi/14.1.0/../../../../arm-none-eabi/lib/thumb/v7e-m/nofp/librdimon.a(arm_librdimon_a-_kill.o)
 .debug_line    0x000061d2     0x1992 /usr/lib/gcc/arm-none-eabi/14.1.0/../../../../arm-none-eabi/lib/thumb/v7e-m/nofp/librdimon.a(arm_librdimon_a-syscalls.o)

.debug_line_str
                0x00000000      0x18c
 .debug_line_str
                0x00000000      0x18c /usr/lib/gcc/arm-none-eabi/14.1.0/../../../../arm-none-eabi/lib/thumb/v7e-m/nofp/rdimon-crt0.o
                                 0xb1 (size before relaxing)
 .debug_line_str
                0x0000018c       0xc2 /usr/lib/gcc/arm-none-eabi/14.1.0/../../../../arm-none-eabi/lib/thumb/v7e-m/nofp/libc.a(libc_a-strlen.o)
 .debug_line_str
                0x0000018c       0xbc /usr/lib/gcc/arm-none-eabi/14.1.0/../../../../arm-none-eabi/lib/thumb/v7e-m/nofp/libc.a(libc_a-memchr.o)
 .debug_line_str
                0x0000018c       0xc3 /usr/lib/gcc/arm-none-eabi/14.1.0/../../../../arm-none-eabi/lib/thumb/v7e-m/nofp/libc.a(libc_a-memcpy.o)

.debug_info     0x00000000    0x11bcb
 .debug_info    0x00000000       0x25 /usr/lib/gcc/arm-none-eabi/14.1.0/../../../../arm-none-eabi/lib/thumb/v7e-m/nofp/rdimon-crt0.o
 .debug_info    0x00000025      0x11e /usr/lib/gcc/arm-none-eabi/14.1.0/../../../../arm-none-eabi/lib/thumb/v7e-m/nofp/libc.a(libc_a-atexit.o)
 .debug_info    0x00000143      0x10a /usr/lib/gcc/arm-none-eabi/14.1.0/../../../../arm-none-eabi/lib/thumb/v7e-m/nofp/libc.a(libc_a-exit.o)
 .debug_info    0x0000024d     0x10fd /usr/lib/gcc/arm-none-eabi/14.1.0/../../../../arm-none-eabi/lib/thumb/v7e-m/nofp/libc.a(libc_a-findfp.o)
 .debug_info    0x0000134a      0x80b /usr/lib/gcc/arm-none-eabi/14.1.0/../../../../arm-none-eabi/lib/thumb/v7e-m/nofp/libc.a(libc_a-fwalk.o)
 .debug_info    0x00001b55      0x965 /usr/lib/gcc/arm-none-eabi/14.1.0/../../../../arm-none-eabi/lib/thumb/v7e-m/nofp/libc.a(libc_a-puts.o)
 .debug_info    0x000024ba      0xac5 /usr/lib/gcc/arm-none-eabi/14.1.0/../../../../arm-none-eabi/lib/thumb/v7e-m/nofp/libc.a(libc_a-stdio.o)
 .debug_info    0x00002f7f      0x135 /usr/lib/gcc/arm-none-eabi/14.1.0/../../../../arm-none-eabi/lib/thumb/v7e-m/nofp/libc.a(libc_a-memset.o)
 .debug_info    0x000030b4      0x798 /usr/lib/gcc/arm-none-eabi/14.1.0/../../../../arm-none-eabi/lib/thumb/v7e-m/nofp/libc.a(libc_a-closer.o)
 .debug_info    0x0000384c      0x858 /usr/lib/gcc/arm-none-eabi/14.1.0/../../../../arm-none-eabi/lib/thumb/v7e-m/nofp/libc.a(libc_a-reent.o)
 .debug_info    0x000040a4      0x750 /usr/lib/gcc/arm-none-eabi/14.1.0/../../../../arm-none-eabi/lib/thumb/v7e-m/nofp/libc.a(libc_a-impure.o)
 .debug_info    0x000047f4      0x7e3 /usr/lib/gcc/arm-none-eabi/14.1.0/../../../../arm-none-eabi/lib/thumb/v7e-m/nofp/libc.a(libc_a-lseekr.o)
 .debug_info    0x00004fd7      0x7fa /usr/lib/gcc/arm-none-eabi/14.1.0/../../../../arm-none-eabi/lib/thumb/v7e-m/nofp/libc.a(libc_a-readr.o)
 .debug_info    0x000057d1      0x800 /usr/lib/gcc/arm-none-eabi/14.1.0/../../../../arm-none-eabi/lib/thumb/v7e-m/nofp/libc.a(libc_a-writer.o)
 .debug_info    0x00005fd1      0x10b /usr/lib/gcc/arm-none-eabi/14.1.0/../../../../arm-none-eabi/lib/thumb/v7e-m/nofp/libc.a(libc_a-init.o)
 .debug_info    0x000060dc       0xf7 /usr/lib/gcc/arm-none-eabi/14.1.0/../../../../arm-none-eabi/lib/thumb/v7e-m/nofp/libc.a(libc_a-fini.o)
 .debug_info    0x000061d3      0x218 /usr/lib/gcc/arm-none-eabi/14.1.0/../../../../arm-none-eabi/lib/thumb/v7e-m/nofp/libc.a(libc_a-lock.o)
 .debug_info    0x000063eb       0x33 /usr/lib/gcc/arm-none-eabi/14.1.0/../../../../arm-none-eabi/lib/thumb/v7e-m/nofp/libc.a(libc_a-strlen.o)
 .debug_info    0x0000641e      0x25f /usr/lib/gcc/arm-none-eabi/14.1.0/../../../../arm-none-eabi/lib/thumb/v7e-m/nofp/libc.a(libc_a-__atexit.o)
 .debug_info    0x0000667d      0x2dd /usr/lib/gcc/arm-none-eabi/14.1.0/../../../../arm-none-eabi/lib/thumb/v7e-m/nofp/libc.a(libc_a-__call_atexit.o)
 .debug_info    0x0000695a      0xb7d /usr/lib/gcc/arm-none-eabi/14.1.0/../../../../arm-none-eabi/lib/thumb/v7e-m/nofp/libc.a(libc_a-freer.o)
 .debug_info    0x000074d7      0xcff /usr/lib/gcc/arm-none-eabi/14.1.0/../../../../arm-none-eabi/lib/thumb/v7e-m/nofp/libc.a(libc_a-mallocr.o)
 .debug_info    0x000081d6      0x7a6 /usr/lib/gcc/arm-none-eabi/14.1.0/../../../../arm-none-eabi/lib/thumb/v7e-m/nofp/libc.a(libc_a-mlock.o)
 .debug_info    0x0000897c      0x908 /usr/lib/gcc/arm-none-eabi/14.1.0/../../../../arm-none-eabi/lib/thumb/v7e-m/nofp/libc.a(libc_a-fclose.o)
 .debug_info    0x00009284      0xad1 /usr/lib/gcc/arm-none-eabi/14.1.0/../../../../arm-none-eabi/lib/thumb/v7e-m/nofp/libc.a(libc_a-fflush.o)
 .debug_info    0x00009d55      0xb60 /usr/lib/gcc/arm-none-eabi/14.1.0/../../../../arm-none-eabi/lib/thumb/v7e-m/nofp/libc.a(libc_a-fvwrite.o)
 .debug_info    0x0000a8b5      0x7f6 /usr/lib/gcc/arm-none-eabi/14.1.0/../../../../arm-none-eabi/lib/thumb/v7e-m/nofp/libc.a(libc_a-wsetup.o)
 .debug_info    0x0000b0ab      0x148 /usr/lib/gcc/arm-none-eabi/14.1.0/../../../../arm-none-eabi/lib/thumb/v7e-m/nofp/libc.a(libc_a-memmove.o)
 .debug_info    0x0000b1f3      0x7bd /usr/lib/gcc/arm-none-eabi/14.1.0/../../../../arm-none-eabi/lib/thumb/v7e-m/nofp/libc.a(libc_a-sbrkr.o)
 .debug_info    0x0000b9b0       0xc1 /usr/lib/gcc/arm-none-eabi/14.1.0/../../../../arm-none-eabi/lib/thumb/v7e-m/nofp/libc.a(libc_a-sysconf.o)
 .debug_info    0x0000ba71       0x25 /usr/lib/gcc/arm-none-eabi/14.1.0/../../../../arm-none-eabi/lib/thumb/v7e-m/nofp/libc.a(libc_a-memchr.o)
 .debug_info    0x0000ba96       0x33 /usr/lib/gcc/arm-none-eabi/14.1.0/../../../../arm-none-eabi/lib/thumb/v7e-m/nofp/libc.a(libc_a-memcpy.o)
 .debug_info    0x0000bac9      0xbf1 /usr/lib/gcc/arm-none-eabi/14.1.0/../../../../arm-none-eabi/lib/thumb/v7e-m/nofp/libc.a(libc_a-reallocr.o)
 .debug_info    0x0000c6ba      0xc2f /usr/lib/gcc/arm-none-eabi/14.1.0/../../../../arm-none-eabi/lib/thumb/v7e-m/nofp/libc.a(libc_a-makebuf.o)
 .debug_info    0x0000d2e9      0x9bc /usr/lib/gcc/arm-none-eabi/14.1.0/../../../../arm-none-eabi/lib/thumb/v7e-m/nofp/libc.a(libc_a-fstatr.o)
 .debug_info    0x0000dca5      0x798 /usr/lib/gcc/arm-none-eabi/14.1.0/../../../../arm-none-eabi/lib/thumb/v7e-m/nofp/libc.a(libc_a-isattyr.o)
 .debug_info    0x0000e43d      0x736 /usr/lib/gcc/arm-none-eabi/14.1.0/../../../../arm-none-eabi/lib/thumb/v7e-m/nofp/libc.a(libc_a-errno.o)
 .debug_info    0x0000eb73       0xa7 /usr/lib/gcc/arm-none-eabi/14.1.0/../../../../arm-none-eabi/lib/thumb/v7e-m/nofp/librdimon.a(arm_librdimon_a-_exit.o)
 .debug_info    0x0000ec1a      0x248 /usr/lib/gcc/arm-none-eabi/14.1.0/../../../../arm-none-eabi/lib/thumb/v7e-m/nofp/librdimon.a(arm_librdimon_a-_kill.o)
 .debug_info    0x0000ee62     0x2d69 /usr/lib/gcc/arm-none-eabi/14.1.0/../../../../arm-none-eabi/lib/thumb/v7e-m/nofp/librdimon.a(arm_librdimon_a-syscalls.o)

.debug_abbrev   0x00000000     0x46f1
 .debug_abbrev  0x00000000       0x14 /usr/lib/gcc/arm-none-eabi/14.1.0/../../../../arm-none-eabi/lib/thumb/v7e-m/nofp/rdimon-crt0.o
 .debug_abbrev  0x00000014       0xc1 /usr/lib/gcc/arm-none-eabi/14.1.0/../../../../arm-none-eabi/lib/thumb/v7e-m/nofp/libc.a(libc_a-atexit.o)
 .debug_abbrev  0x000000d5       0xd5 /usr/lib/gcc/arm-none-eabi/14.1.0/../../../../arm-none-eabi/lib/thumb/v7e-m/nofp/libc.a(libc_a-exit.o)
 .debug_abbrev  0x000001aa      0x484 /usr/lib/gcc/arm-none-eabi/14.1.0/../../../../arm-none-eabi/lib/thumb/v7e-m/nofp/libc.a(libc_a-findfp.o)
 .debug_abbrev  0x0000062e      0x1d9 /usr/lib/gcc/arm-none-eabi/14.1.0/../../../../arm-none-eabi/lib/thumb/v7e-m/nofp/libc.a(libc_a-fwalk.o)
 .debug_abbrev  0x00000807      0x27d /usr/lib/gcc/arm-none-eabi/14.1.0/../../../../arm-none-eabi/lib/thumb/v7e-m/nofp/libc.a(libc_a-puts.o)
 .debug_abbrev  0x00000a84      0x260 /usr/lib/gcc/arm-none-eabi/14.1.0/../../../../arm-none-eabi/lib/thumb/v7e-m/nofp/libc.a(libc_a-stdio.o)
 .debug_abbrev  0x00000ce4       0xb7 /usr/lib/gcc/arm-none-eabi/14.1.0/../../../../arm-none-eabi/lib/thumb/v7e-m/nofp/libc.a(libc_a-memset.o)
 .debug_abbrev  0x00000d9b      0x1ec /usr/lib/gcc/arm-none-eabi/14.1.0/../../../../arm-none-eabi/lib/thumb/v7e-m/nofp/libc.a(libc_a-closer.o)
 .debug_abbrev  0x00000f87      0x22a /usr/lib/gcc/arm-none-eabi/14.1.0/../../../../arm-none-eabi/lib/thumb/v7e-m/nofp/libc.a(libc_a-reent.o)
 .debug_abbrev  0x000011b1      0x185 /usr/lib/gcc/arm-none-eabi/14.1.0/../../../../arm-none-eabi/lib/thumb/v7e-m/nofp/libc.a(libc_a-impure.o)
 .debug_abbrev  0x00001336      0x200 /usr/lib/gcc/arm-none-eabi/14.1.0/../../../../arm-none-eabi/lib/thumb/v7e-m/nofp/libc.a(libc_a-lseekr.o)
 .debug_abbrev  0x00001536      0x1ec /usr/lib/gcc/arm-none-eabi/14.1.0/../../../../arm-none-eabi/lib/thumb/v7e-m/nofp/libc.a(libc_a-readr.o)
 .debug_abbrev  0x00001722      0x1f1 /usr/lib/gcc/arm-none-eabi/14.1.0/../../../../arm-none-eabi/lib/thumb/v7e-m/nofp/libc.a(libc_a-writer.o)
 .debug_abbrev  0x00001913       0xc9 /usr/lib/gcc/arm-none-eabi/14.1.0/../../../../arm-none-eabi/lib/thumb/v7e-m/nofp/libc.a(libc_a-init.o)
 .debug_abbrev  0x000019dc       0xcc /usr/lib/gcc/arm-none-eabi/14.1.0/../../../../arm-none-eabi/lib/thumb/v7e-m/nofp/libc.a(libc_a-fini.o)
 .debug_abbrev  0x00001aa8      0x115 /usr/lib/gcc/arm-none-eabi/14.1.0/../../../../arm-none-eabi/lib/thumb/v7e-m/nofp/libc.a(libc_a-lock.o)
 .debug_abbrev  0x00001bbd       0x28 /usr/lib/gcc/arm-none-eabi/14.1.0/../../../../arm-none-eabi/lib/thumb/v7e-m/nofp/libc.a(libc_a-strlen.o)
 .debug_abbrev  0x00001be5      0x189 /usr/lib/gcc/arm-none-eabi/14.1.0/../../../../arm-none-eabi/lib/thumb/v7e-m/nofp/libc.a(libc_a-__atexit.o)
 .debug_abbrev  0x00001d6e      0x20c /usr/lib/gcc/arm-none-eabi/14.1.0/../../../../arm-none-eabi/lib/thumb/v7e-m/nofp/libc.a(libc_a-__call_atexit.o)
 .debug_abbrev  0x00001f7a      0x27f /usr/lib/gcc/arm-none-eabi/14.1.0/../../../../arm-none-eabi/lib/thumb/v7e-m/nofp/libc.a(libc_a-freer.o)
 .debug_abbrev  0x000021f9      0x2d7 /usr/lib/gcc/arm-none-eabi/14.1.0/../../../../arm-none-eabi/lib/thumb/v7e-m/nofp/libc.a(libc_a-mallocr.o)
 .debug_abbrev  0x000024d0      0x1fb /usr/lib/gcc/arm-none-eabi/14.1.0/../../../../arm-none-eabi/lib/thumb/v7e-m/nofp/libc.a(libc_a-mlock.o)
 .debug_abbrev  0x000026cb      0x2a2 /usr/lib/gcc/arm-none-eabi/14.1.0/../../../../arm-none-eabi/lib/thumb/v7e-m/nofp/libc.a(libc_a-fclose.o)
 .debug_abbrev  0x0000296d      0x323 /usr/lib/gcc/arm-none-eabi/14.1.0/../../../../arm-none-eabi/lib/thumb/v7e-m/nofp/libc.a(libc_a-fflush.o)
 .debug_abbrev  0x00002c90      0x254 /usr/lib/gcc/arm-none-eabi/14.1.0/../../../../arm-none-eabi/lib/thumb/v7e-m/nofp/libc.a(libc_a-fvwrite.o)
 .debug_abbrev  0x00002ee4      0x21e /usr/lib/gcc/arm-none-eabi/14.1.0/../../../../arm-none-eabi/lib/thumb/v7e-m/nofp/libc.a(libc_a-wsetup.o)
 .debug_abbrev  0x00003102       0xc3 /usr/lib/gcc/arm-none-eabi/14.1.0/../../../../arm-none-eabi/lib/thumb/v7e-m/nofp/libc.a(libc_a-memmove.o)
 .debug_abbrev  0x000031c5      0x216 /usr/lib/gcc/arm-none-eabi/14.1.0/../../../../arm-none-eabi/lib/thumb/v7e-m/nofp/libc.a(libc_a-sbrkr.o)
 .debug_abbrev  0x000033db       0x80 /usr/lib/gcc/arm-none-eabi/14.1.0/../../../../arm-none-eabi/lib/thumb/v7e-m/nofp/libc.a(libc_a-sysconf.o)
 .debug_abbrev  0x0000345b       0x14 /usr/lib/gcc/arm-none-eabi/14.1.0/../../../../arm-none-eabi/lib/thumb/v7e-m/nofp/libc.a(libc_a-memchr.o)
 .debug_abbrev  0x0000346f       0x28 /usr/lib/gcc/arm-none-eabi/14.1.0/../../../../arm-none-eabi/lib/thumb/v7e-m/nofp/libc.a(libc_a-memcpy.o)
 .debug_abbrev  0x00003497      0x2a3 /usr/lib/gcc/arm-none-eabi/14.1.0/../../../../arm-none-eabi/lib/thumb/v7e-m/nofp/libc.a(libc_a-reallocr.o)
 .debug_abbrev  0x0000373a      0x2d9 /usr/lib/gcc/arm-none-eabi/14.1.0/../../../../arm-none-eabi/lib/thumb/v7e-m/nofp/libc.a(libc_a-makebuf.o)
 .debug_abbrev  0x00003a13      0x1ff /usr/lib/gcc/arm-none-eabi/14.1.0/../../../../arm-none-eabi/lib/thumb/v7e-m/nofp/libc.a(libc_a-fstatr.o)
 .debug_abbrev  0x00003c12      0x1ec /usr/lib/gcc/arm-none-eabi/14.1.0/../../../../arm-none-eabi/lib/thumb/v7e-m/nofp/libc.a(libc_a-isattyr.o)
 .debug_abbrev  0x00003dfe      0x19a /usr/lib/gcc/arm-none-eabi/14.1.0/../../../../arm-none-eabi/lib/thumb/v7e-m/nofp/libc.a(libc_a-errno.o)
 .debug_abbrev  0x00003f98       0x8e /usr/lib/gcc/arm-none-eabi/14.1.0/../../../../arm-none-eabi/lib/thumb/v7e-m/nofp/librdimon.a(arm_librdimon_a-_exit.o)
 .debug_abbrev  0x00004026      0x176 /usr/lib/gcc/arm-none-eabi/14.1.0/../../../../arm-none-eabi/lib/thumb/v7e-m/nofp/librdimon.a(arm_librdimon_a-_kill.o)
 .debug_abbrev  0x0000419c      0x555 /usr/lib/gcc/arm-none-eabi/14.1.0/../../../../arm-none-eabi/lib/thumb/v7e-m/nofp/librdimon.a(arm_librdimon_a-syscalls.o)

.debug_aranges  0x00000000      0x6c8
 .debug_aranges
                0x00000000       0x20 /usr/lib/gcc/arm-none-eabi/14.1.0/../../../../arm-none-eabi/lib/thumb/v7e-m/nofp/rdimon-crt0.o
 .debug_aranges
                0x00000020       0x20 /usr/lib/gcc/arm-none-eabi/14.1.0/../../../../arm-none-eabi/lib/thumb/v7e-m/nofp/libc.a(libc_a-atexit.o)
 .debug_aranges
                0x00000040       0x20 /usr/lib/gcc/arm-none-eabi/14.1.0/../../../../arm-none-eabi/lib/thumb/v7e-m/nofp/libc.a(libc_a-exit.o)
 .debug_aranges
                0x00000060       0x70 /usr/lib/gcc/arm-none-eabi/14.1.0/../../../../arm-none-eabi/lib/thumb/v7e-m/nofp/libc.a(libc_a-findfp.o)
 .debug_aranges
                0x000000d0       0x20 /usr/lib/gcc/arm-none-eabi/14.1.0/../../../../arm-none-eabi/lib/thumb/v7e-m/nofp/libc.a(libc_a-fwalk.o)
 .debug_aranges
                0x000000f0       0x28 /usr/lib/gcc/arm-none-eabi/14.1.0/../../../../arm-none-eabi/lib/thumb/v7e-m/nofp/libc.a(libc_a-puts.o)
 .debug_aranges
                0x00000118       0x40 /usr/lib/gcc/arm-none-eabi/14.1.0/../../../../arm-none-eabi/lib/thumb/v7e-m/nofp/libc.a(libc_a-stdio.o)
 .debug_aranges
                0x00000158       0x20 /usr/lib/gcc/arm-none-eabi/14.1.0/../../../../arm-none-eabi/lib/thumb/v7e-m/nofp/libc.a(libc_a-memset.o)
 .debug_aranges
                0x00000178       0x20 /usr/lib/gcc/arm-none-eabi/14.1.0/../../../../arm-none-eabi/lib/thumb/v7e-m/nofp/libc.a(libc_a-closer.o)
 .debug_aranges
                0x00000198       0x20 /usr/lib/gcc/arm-none-eabi/14.1.0/../../../../arm-none-eabi/lib/thumb/v7e-m/nofp/libc.a(libc_a-reent.o)
 .debug_aranges
                0x000001b8       0x18 /usr/lib/gcc/arm-none-eabi/14.1.0/../../../../arm-none-eabi/lib/thumb/v7e-m/nofp/libc.a(libc_a-impure.o)
 .debug_aranges
                0x000001d0       0x20 /usr/lib/gcc/arm-none-eabi/14.1.0/../../../../arm-none-eabi/lib/thumb/v7e-m/nofp/libc.a(libc_a-lseekr.o)
 .debug_aranges
                0x000001f0       0x20 /usr/lib/gcc/arm-none-eabi/14.1.0/../../../../arm-none-eabi/lib/thumb/v7e-m/nofp/libc.a(libc_a-readr.o)
 .debug_aranges
                0x00000210       0x20 /usr/lib/gcc/arm-none-eabi/14.1.0/../../../../arm-none-eabi/lib/thumb/v7e-m/nofp/libc.a(libc_a-writer.o)
 .debug_aranges
                0x00000230       0x20 /usr/lib/gcc/arm-none-eabi/14.1.0/../../../../arm-none-eabi/lib/thumb/v7e-m/nofp/libc.a(libc_a-init.o)
 .debug_aranges
                0x00000250       0x20 /usr/lib/gcc/arm-none-eabi/14.1.0/../../../../arm-none-eabi/lib/thumb/v7e-m/nofp/libc.a(libc_a-fini.o)
 .debug_aranges
                0x00000270       0x68 /usr/lib/gcc/arm-none-eabi/14.1.0/../../../../arm-none-eabi/lib/thumb/v7e-m/nofp/libc.a(libc_a-lock.o)
 .debug_aranges
                0x000002d8       0x20 /usr/lib/gcc/arm-none-eabi/14.1.0/../../../../arm-none-eabi/lib/thumb/v7e-m/nofp/libc.a(libc_a-strlen.o)
 .debug_aranges
                0x000002f8       0x20 /usr/lib/gcc/arm-none-eabi/14.1.0/../../../../arm-none-eabi/lib/thumb/v7e-m/nofp/libc.a(libc_a-__atexit.o)
 .debug_aranges
                0x00000318       0x28 /usr/lib/gcc/arm-none-eabi/14.1.0/../../../../arm-none-eabi/lib/thumb/v7e-m/nofp/libc.a(libc_a-__call_atexit.o)
 .debug_aranges
                0x00000340       0x28 /usr/lib/gcc/arm-none-eabi/14.1.0/../../../../arm-none-eabi/lib/thumb/v7e-m/nofp/libc.a(libc_a-freer.o)
 .debug_aranges
                0x00000368       0x20 /usr/lib/gcc/arm-none-eabi/14.1.0/../../../../arm-none-eabi/lib/thumb/v7e-m/nofp/libc.a(libc_a-mallocr.o)
 .debug_aranges
                0x00000388       0x28 /usr/lib/gcc/arm-none-eabi/14.1.0/../../../../arm-none-eabi/lib/thumb/v7e-m/nofp/libc.a(libc_a-mlock.o)
 .debug_aranges
                0x000003b0       0x28 /usr/lib/gcc/arm-none-eabi/14.1.0/../../../../arm-none-eabi/lib/thumb/v7e-m/nofp/libc.a(libc_a-fclose.o)
 .debug_aranges
                0x000003d8       0x30 /usr/lib/gcc/arm-none-eabi/14.1.0/../../../../arm-none-eabi/lib/thumb/v7e-m/nofp/libc.a(libc_a-fflush.o)
 .debug_aranges
                0x00000408       0x20 /usr/lib/gcc/arm-none-eabi/14.1.0/../../../../arm-none-eabi/lib/thumb/v7e-m/nofp/libc.a(libc_a-fvwrite.o)
 .debug_aranges
                0x00000428       0x20 /usr/lib/gcc/arm-none-eabi/14.1.0/../../../../arm-none-eabi/lib/thumb/v7e-m/nofp/libc.a(libc_a-wsetup.o)
 .debug_aranges
                0x00000448       0x20 /usr/lib/gcc/arm-none-eabi/14.1.0/../../../../arm-none-eabi/lib/thumb/v7e-m/nofp/libc.a(libc_a-memmove.o)
 .debug_aranges
                0x00000468       0x20 /usr/lib/gcc/arm-none-eabi/14.1.0/../../../../arm-none-eabi/lib/thumb/v7e-m/nofp/libc.a(libc_a-sbrkr.o)
 .debug_aranges